Archive member included to satisfy reference by file (symbol)

/usr/local/Cellar/gcc-arm-none-eabi/20180627/bin/../lib/gcc/arm-none-eabi/7.3.1/libgcc.a(_udivsi3.o)
                              build/obj/serial_lld.o (__aeabi_uidiv)
/usr/local/Cellar/gcc-arm-none-eabi/20180627/bin/../lib/gcc/arm-none-eabi/7.3.1/libgcc.a(_divsi3.o)
                              build/obj/vl53l0x_api_core.o (__aeabi_idiv)
/usr/local/Cellar/gcc-arm-none-eabi/20180627/bin/../lib/gcc/arm-none-eabi/7.3.1/libgcc.a(_dvmd_tls.o)
                              /usr/local/Cellar/gcc-arm-none-eabi/20180627/bin/../lib/gcc/arm-none-eabi/7.3.1/libgcc.a(_udivsi3.o) (__aeabi_idiv0)
/usr/local/Cellar/gcc-arm-none-eabi/20180627/bin/../lib/gcc/arm-none-eabi/7.3.1/libgcc.a(_arm_addsubdf3.o)
                              build/obj/chprintf.o (__aeabi_dsub)
/usr/local/Cellar/gcc-arm-none-eabi/20180627/bin/../lib/gcc/arm-none-eabi/7.3.1/libgcc.a(_arm_muldivdf3.o)
                              build/obj/chprintf.o (__aeabi_dmul)
/usr/local/Cellar/gcc-arm-none-eabi/20180627/bin/../lib/gcc/arm-none-eabi/7.3.1/libgcc.a(_arm_fixdfsi.o)
                              build/obj/chprintf.o (__aeabi_d2iz)
/usr/local/Cellar/gcc-arm-none-eabi/20180627/bin/../lib/gcc/arm-none-eabi/7.3.1/libgcc.a(_arm_truncdfsf2.o)
                              build/obj/chprintf.o (__aeabi_d2f)
/usr/local/Cellar/gcc-arm-none-eabi/20180627/bin/../lib/gcc/arm-none-eabi/7.3.1/libgcc.a(_arm_cmpsf2.o)
                              build/obj/chprintf.o (__aeabi_fcmplt)
/usr/local/Cellar/gcc-arm-none-eabi/20180627/bin/../lib/gcc/arm-none-eabi/7.3.1/libgcc.a(_arm_fixsfsi.o)
                              build/obj/chprintf.o (__aeabi_f2iz)
/usr/local/Cellar/gcc-arm-none-eabi/20180627/bin/../lib/gcc/arm-none-eabi/7.3.1/../../../../arm-none-eabi/lib/libc.a(lib_a-fclose.o)
                              build/obj/vl53l0x_platform_log.o (fclose)
/usr/local/Cellar/gcc-arm-none-eabi/20180627/bin/../lib/gcc/arm-none-eabi/7.3.1/../../../../arm-none-eabi/lib/libc.a(lib_a-fflush.o)
                              /usr/local/Cellar/gcc-arm-none-eabi/20180627/bin/../lib/gcc/arm-none-eabi/7.3.1/../../../../arm-none-eabi/lib/libc.a(lib_a-fclose.o) (__sflush_r)
/usr/local/Cellar/gcc-arm-none-eabi/20180627/bin/../lib/gcc/arm-none-eabi/7.3.1/../../../../arm-none-eabi/lib/libc.a(lib_a-findfp.o)
                              /usr/local/Cellar/gcc-arm-none-eabi/20180627/bin/../lib/gcc/arm-none-eabi/7.3.1/../../../../arm-none-eabi/lib/libc.a(lib_a-fclose.o) (__sinit)
/usr/local/Cellar/gcc-arm-none-eabi/20180627/bin/../lib/gcc/arm-none-eabi/7.3.1/../../../../arm-none-eabi/lib/libc.a(lib_a-fopen.o)
                              build/obj/vl53l0x_platform_log.o (fopen)
/usr/local/Cellar/gcc-arm-none-eabi/20180627/bin/../lib/gcc/arm-none-eabi/7.3.1/../../../../arm-none-eabi/lib/libc.a(lib_a-fprintf.o)
                              build/obj/vl53l0x_platform_log.o (fprintf)
/usr/local/Cellar/gcc-arm-none-eabi/20180627/bin/../lib/gcc/arm-none-eabi/7.3.1/../../../../arm-none-eabi/lib/libc.a(lib_a-freer.o)
                              /usr/local/Cellar/gcc-arm-none-eabi/20180627/bin/../lib/gcc/arm-none-eabi/7.3.1/../../../../arm-none-eabi/lib/libc.a(lib_a-fclose.o) (_free_r)
/usr/local/Cellar/gcc-arm-none-eabi/20180627/bin/../lib/gcc/arm-none-eabi/7.3.1/../../../../arm-none-eabi/lib/libc.a(lib_a-fseek.o)
                              /usr/local/Cellar/gcc-arm-none-eabi/20180627/bin/../lib/gcc/arm-none-eabi/7.3.1/../../../../arm-none-eabi/lib/libc.a(lib_a-fopen.o) (_fseek_r)
/usr/local/Cellar/gcc-arm-none-eabi/20180627/bin/../lib/gcc/arm-none-eabi/7.3.1/../../../../arm-none-eabi/lib/libc.a(lib_a-fseeko.o)
                              /usr/local/Cellar/gcc-arm-none-eabi/20180627/bin/../lib/gcc/arm-none-eabi/7.3.1/../../../../arm-none-eabi/lib/libc.a(lib_a-fseek.o) (_fseeko_r)
/usr/local/Cellar/gcc-arm-none-eabi/20180627/bin/../lib/gcc/arm-none-eabi/7.3.1/../../../../arm-none-eabi/lib/libc.a(lib_a-fstatr.o)
                              /usr/local/Cellar/gcc-arm-none-eabi/20180627/bin/../lib/gcc/arm-none-eabi/7.3.1/../../../../arm-none-eabi/lib/libc.a(lib_a-fseeko.o) (_fstat_r)
/usr/local/Cellar/gcc-arm-none-eabi/20180627/bin/../lib/gcc/arm-none-eabi/7.3.1/../../../../arm-none-eabi/lib/libc.a(lib_a-fwalk.o)
                              /usr/local/Cellar/gcc-arm-none-eabi/20180627/bin/../lib/gcc/arm-none-eabi/7.3.1/../../../../arm-none-eabi/lib/libc.a(lib_a-findfp.o) (_fwalk)
/usr/local/Cellar/gcc-arm-none-eabi/20180627/bin/../lib/gcc/arm-none-eabi/7.3.1/../../../../arm-none-eabi/lib/libc.a(lib_a-impure.o)
                              /usr/local/Cellar/gcc-arm-none-eabi/20180627/bin/../lib/gcc/arm-none-eabi/7.3.1/../../../../arm-none-eabi/lib/libc.a(lib_a-fflush.o) (_global_impure_ptr)
/usr/local/Cellar/gcc-arm-none-eabi/20180627/bin/../lib/gcc/arm-none-eabi/7.3.1/../../../../arm-none-eabi/lib/libc.a(lib_a-lock.o)
[...]
Memory Configuration

Name             Origin             Length             Attributes
ram              0x0000000000008000 0x0000000005ffffe0
*default*        0x0000000000000000 0xffffffffffffffff

Linker script and memory map

LOAD build/obj/crt0.o
LOAD build/obj/chcoreasm.o
LOAD build/obj/vectors.o
LOAD build/obj/chcore.o
LOAD build/obj/chsys.o
LOAD build/obj/chdebug.o
LOAD build/obj/chlists.o
LOAD build/obj/chvt.o
LOAD build/obj/chschd.o
LOAD build/obj/chthreads.o
LOAD build/obj/chdynamic.o
LOAD build/obj/chregistry.o
LOAD build/obj/chsem.o
LOAD build/obj/chmtx.o
LOAD build/obj/chcond.o
LOAD build/obj/chevents.o
LOAD build/obj/chmsg.o
LOAD build/obj/chmboxes.o
LOAD build/obj/chqueues.o
LOAD build/obj/chmemcore.o
LOAD build/obj/chheap.o
LOAD build/obj/chmempools.o
LOAD build/obj/test.o
LOAD build/obj/testthd.o
LOAD build/obj/testsem.o
LOAD build/obj/testmtx.o
LOAD build/obj/testmsg.o
LOAD build/obj/testmbox.o
LOAD build/obj/testevt.o
LOAD build/obj/testheap.o
LOAD build/obj/testpools.o
LOAD build/obj/testdyn.o
LOAD build/obj/testqueues.o
LOAD build/obj/testbmk.o
LOAD build/obj/hal.o
LOAD build/obj/adc.o
LOAD build/obj/can.o
LOAD build/obj/ext.o
LOAD build/obj/gpt.o
LOAD build/obj/i2c.o
LOAD build/obj/icu.o
LOAD build/obj/mac.o
LOAD build/obj/mmc_spi.o
LOAD build/obj/mmcsd.o
LOAD build/obj/pal.o
LOAD build/obj/pwm.o
LOAD build/obj/rtc.o
LOAD build/obj/sdc.o
LOAD build/obj/serial.o
LOAD build/obj/serial_usb.o
LOAD build/obj/spi.o
LOAD build/obj/tm.o
LOAD build/obj/uart.o
LOAD build/obj/usb.o
LOAD build/obj/hal_lld.o
LOAD build/obj/pal_lld.o
LOAD build/obj/serial_lld.o
LOAD build/obj/i2c_lld.o
LOAD build/obj/spi_lld.o
LOAD build/obj/gpt_lld.o
LOAD build/obj/pwm_lld.o
LOAD build/obj/bcm2835.o
LOAD build/obj/board.o
LOAD build/obj/vl53l0x_api.o
LOAD build/obj/vl53l0x_api_calibration.o
LOAD build/obj/vl53l0x_api_core.o
LOAD build/obj/vl53l0x_api_ranging.o
LOAD build/obj/vl53l0x_api_strings.o
LOAD build/obj/vl53l0x_platform_log.o
LOAD build/obj/shell.o
LOAD build/obj/chprintf.o
LOAD build/obj/main.o
START GROUP
LOAD /usr/local/Cellar/gcc-arm-none-eabi/20180627/bin/../lib/gcc/arm-none-eabi/7.3.1/libgcc.a
LOAD /usr/local/Cellar/gcc-arm-none-eabi/20180627/bin/../lib/gcc/arm-none-eabi/7.3.1/../../../../arm-none-eabi/lib/libc.a
END GROUP
                0x0000000000000004                __und_stack_size__ = 0x4
                0x0000000000000004                __abt_stack_size__ = 0x4
                0x0000000000000010                __fiq_stack_size__ = 0x10
                0x0000000000000080                __irq_stack_size__ = 0x80
                0x0000000000000004                __svc_stack_size__ = 0x4
                0x0000000000000400                __sys_stack_size__ = 0x400
                0x000000000000049c                __stacks_total_size__ = (((((__und_stack_size__ + __abt_stack_size__) + __fiq_stack_size__) + __irq_stack_size__) + __svc_stack_size__) + __sys_stack_size__)
                0x0000000000008000                __ram_start__ = ORIGIN (ram)
                0x0000000005ffffe0                __ram_size__ = LENGTH (ram)
                0x0000000006007fe0                __ram_end__ = (__ram_start__ + __ram_size__)
                0x0000000000000000                . = 0x0

.text           0x0000000000008000     0x9361
                0x0000000000008000                _text = .
 *(vectors)
 vectors        0x0000000000008000       0x40 build/obj/vectors.o
 *(.text)
 .text          0x0000000000008040       0xa8 build/obj/crt0.o
                0x0000000000008040                ResetHandler
                0x00000000000080c0                _main_exit_handler
 *fill*         0x00000000000080e8        0x8 
 .text          0x00000000000080f0       0x84 build/obj/chcoreasm.o
                0x00000000000080f0                _port_switch_arm
                0x0000000000008100                _port_irq_common
                0x0000000000008160                _port_thread_start
 *fill*         0x0000000000008174        0xc 
 .text          0x0000000000008180       0x38 build/obj/vectors.o
                0x0000000000008180                FiqHandler
                0x0000000000008180                UndHandler
                0x0000000000008180                AbortHandler
                0x0000000000008180                _unhandled_exception
                0x0000000000008180                SwiHandler
                0x0000000000008180                PrefetchHandler
                0x0000000000008184                __early_init
                0x00000000000081a0                arm_enable_irq
                0x00000000000081b0                get_cpsr
 *fill*         0x00000000000081b8        0x8 
 .text          0x00000000000081c0      0x114 /usr/local/Cellar/gcc-arm-none-eabi/20180627/bin/../lib/gcc/arm-none-eabi/7.3.1/libgcc.a(_udivsi3.o)
                0x00000000000081c0                __udivsi3
                0x00000000000081c0                __aeabi_uidiv
                0x00000000000082b4                __aeabi_uidivmod
 *fill*         0x00000000000082d4        0xc 
 .text          0x00000000000082e0        0x4 /usr/local/Cellar/gcc-arm-none-eabi/20180627/bin/../lib/gcc/arm-none-eabi/7.3.1/libgcc.a(_dvmd_tls.o)
                0x00000000000082e0                __aeabi_ldiv0
                0x00000000000082e0                __aeabi_idiv0
 *fill*         0x00000000000082e4        0xc 
 .text          0x00000000000082f0      0x424 /usr/local/Cellar/gcc-arm-none-eabi/20180627/bin/../lib/gcc/arm-none-eabi/7.3.1/libgcc.a(_arm_addsubdf3.o)
                0x00000000000082f0                __aeabi_drsub
                0x00000000000082f8                __subdf3
                0x00000000000082f8                __aeabi_dsub
                0x00000000000082fc                __aeabi_dadd
                0x00000000000082fc                __adddf3
                0x000000000000860c                __aeabi_ui2d
                0x000000000000860c                __floatunsidf
                0x0000000000008630                __floatsidf
                0x0000000000008630                __aeabi_i2d
                0x0000000000008658                __extendsfdf2
                0x0000000000008658                __aeabi_f2d
                0x00000000000086a0                __aeabi_ul2d
                0x00000000000086a0                __floatundidf
                0x00000000000086b4                __aeabi_l2d
                0x00000000000086b4                __floatdidf
 *fill*         0x0000000000008714        0xc 
 .text          0x0000000000008720      0x49c /usr/local/Cellar/gcc-arm-none-eabi/20180627/bin/../lib/gcc/arm-none-eabi/7.3.1/libgcc.a(_arm_muldivdf3.o)
                0x0000000000008720                __aeabi_dmul
                0x0000000000008720                __muldf3
                0x00000000000089b0                __aeabi_ddiv
                0x00000000000089b0                __divdf3
 *fill*         0x0000000000008bbc        0x4 
 .text          0x0000000000008bc0       0x5c /usr/local/Cellar/gcc-arm-none-eabi/20180627/bin/../lib/gcc/arm-none-eabi/7.3.1/libgcc.a(_arm_fixdfsi.o)
                0x0000000000008bc0                __fixdfsi
                0x0000000000008bc0                __aeabi_d2iz
 *fill*         0x0000000000008c1c        0x4 
 .text          0x0000000000008c20       0xa0 /usr/local/Cellar/gcc-arm-none-eabi/20180627/bin/../lib/gcc/arm-none-eabi/7.3.1/libgcc.a(_arm_truncdfsf2.o)
                0x0000000000008c20                __aeabi_d2f
                0x0000000000008c20                __truncdfsf2
 .text          0x0000000000008cc0      0x114 /usr/local/Cellar/gcc-arm-none-eabi/20180627/bin/../lib/gcc/arm-none-eabi/7.3.1/libgcc.a(_arm_cmpsf2.o)
                0x0000000000008cc0                __gesf2
                0x0000000000008cc0                __gtsf2
                0x0000000000008cc8                __ltsf2
                0x0000000000008cc8                __lesf2
                0x0000000000008cd0                __nesf2
                0x0000000000008cd0                __eqsf2
                0x0000000000008cd0                __cmpsf2
                0x0000000000008d34                __aeabi_cfrcmple
                0x0000000000008d44                __aeabi_cfcmpeq
                0x0000000000008d44                __aeabi_cfcmple
                0x0000000000008d5c                __aeabi_fcmpeq
                0x0000000000008d74                __aeabi_fcmplt
                0x0000000000008d8c                __aeabi_fcmple
                0x0000000000008da4                __aeabi_fcmpge
                0x0000000000008dbc                __aeabi_fcmpgt
 *fill*         0x0000000000008dd4        0xc 
 .text          0x0000000000008de0       0x5c /usr/local/Cellar/gcc-arm-none-eabi/20180627/bin/../lib/gcc/arm-none-eabi/7.3.1/libgcc.a(_arm_fixsfsi.o)
                0x0000000000008de0                __fixsfsi
                0x0000000000008de0                __aeabi_f2iz
 *(.text.*)
 *fill*         0x0000000000008e3c        0x4 
 .text._idle_thread
                0x0000000000008e40       0x20 build/obj/chsys.o
                0x0000000000008e40                _idle_thread
 .text.chSysInit
                0x0000000000008e60       0x78 build/obj/chsys.o
                0x0000000000008e60                chSysInit
 *fill*         0x0000000000008ed8        0x8 
 .text.chSysTimerHandlerI
                0x0000000000008ee0       0x90 build/obj/chsys.o
                0x0000000000008ee0                chSysTimerHandlerI
 .text._vt_init
                0x0000000000008f70       0x24 build/obj/chvt.o
                0x0000000000008f70                _vt_init
 *fill*         0x0000000000008f94        0xc 
 .text.chVTSetI
                0x0000000000008fa0       0x64 build/obj/chvt.o
                0x0000000000008fa0                chVTSetI
 *fill*         0x0000000000009004        0xc 
 .text.chVTResetI
                0x0000000000009010       0x3c build/obj/chvt.o
                0x0000000000009010                chVTResetI
 *fill*         0x000000000000904c        0x4 
 .text.wakeup   0x0000000000009050       0xb0 build/obj/chschd.o
 .text._scheduler_init
                0x0000000000009100       0x24 build/obj/chschd.o
                0x0000000000009100                _scheduler_init
 *fill*         0x0000000000009124        0xc 
 .text.chSchReadyI
                0x0000000000009130       0x48 build/obj/chschd.o
                0x0000000000009130                chSchReadyI
 *fill*         0x0000000000009178        0x8 
 .text.chSchGoSleepS
                0x0000000000009180       0x44 build/obj/chschd.o
                0x0000000000009180                chSchGoSleepS
 *fill*         0x00000000000091c4        0xc 
 .text.chSchGoSleepTimeoutS
                0x00000000000091d0       0x74 build/obj/chschd.o
                0x00000000000091d0                chSchGoSleepTimeoutS
 *fill*         0x0000000000009244        0xc 
 .text.chSchWakeupS
                0x0000000000009250       0xac build/obj/chschd.o
                0x0000000000009250                chSchWakeupS
 *fill*         0x00000000000092fc        0x4 
 .text.chSchIsPreemptionRequired
                0x0000000000009300       0x44 build/obj/chschd.o
                0x0000000000009300                chSchIsPreemptionRequired
 *fill*         0x0000000000009344        0xc 
 .text.chSchDoRescheduleBehind
                0x0000000000009350       0x78 build/obj/chschd.o
                0x0000000000009350                chSchDoRescheduleBehind
 *fill*         0x00000000000093c8        0x8 
 .text.chSchDoRescheduleAhead
                0x00000000000093d0       0x70 build/obj/chschd.o
                0x00000000000093d0                chSchDoRescheduleAhead
 .text.chSchDoReschedule
                0x0000000000009440       0x20 build/obj/chschd.o
                0x0000000000009440                chSchDoReschedule
 .text._thread_init
                0x0000000000009460       0x6c build/obj/chthreads.o
                0x0000000000009460                _thread_init
 *fill*         0x00000000000094cc        0x4 
 .text.chThdCreateI
                0x00000000000094d0       0x90 build/obj/chthreads.o
                0x00000000000094d0                chThdCreateI
 .text.chThdCreateStatic
                0x0000000000009560       0xa8 build/obj/chthreads.o
                0x0000000000009560                chThdCreateStatic
 *fill*         0x0000000000009608        0x8 
 .text.chThdExitS
                0x0000000000009610       0x64 build/obj/chthreads.o
                0x0000000000009610                chThdExitS
 *fill*         0x0000000000009674        0xc 
 .text.chThdExit
                0x0000000000009680        0x8 build/obj/chthreads.o
                0x0000000000009680                chThdExit
 *fill*         0x0000000000009688        0x8 
 .text.chThdWait
                0x0000000000009690       0x50 build/obj/chthreads.o
                0x0000000000009690                chThdWait
 .text.chThdRelease
                0x00000000000096e0       0x54 build/obj/chdynamic.o
                0x00000000000096e0                chThdRelease
 *fill*         0x0000000000009734        0xc 
 .text.chThdCreateFromHeap
                0x0000000000009740       0x60 build/obj/chdynamic.o
                0x0000000000009740                chThdCreateFromHeap
 .text.chMtxInit
                0x00000000000097a0       0x14 build/obj/chmtx.o
                0x00000000000097a0                chMtxInit
 *fill*         0x00000000000097b4        0xc 
 .text.chMtxLockS
                0x00000000000097c0      0x19c build/obj/chmtx.o
                0x00000000000097c0                chMtxLockS
 *fill*         0x000000000000995c        0x4 
 .text.chMtxLock
                0x0000000000009960       0x14 build/obj/chmtx.o
                0x0000000000009960                chMtxLock
 *fill*         0x0000000000009974        0xc 
 .text.chMtxUnlock
                0x0000000000009980       0xa0 build/obj/chmtx.o
                0x0000000000009980                chMtxUnlock
 .text.chEvtSignalI
                0x0000000000009a20       0x50 build/obj/chevents.o
                0x0000000000009a20                chEvtSignalI
 .text.chEvtBroadcastFlagsI
                0x0000000000009a70       0x40 build/obj/chevents.o
                0x0000000000009a70                chEvtBroadcastFlagsI
 .text.qwait    0x0000000000009ab0       0x3c build/obj/chqueues.o
 *fill*         0x0000000000009aec        0x4 
 .text.chIQInit
                0x0000000000009af0       0x38 build/obj/chqueues.o
                0x0000000000009af0                chIQInit
 *fill*         0x0000000000009b28        0x8 
 .text.chIQPutI
                0x0000000000009b30       0x88 build/obj/chqueues.o
                0x0000000000009b30                chIQPutI
 *fill*         0x0000000000009bb8        0x8 
 .text.chIQGetTimeout
                0x0000000000009bc0       0x74 build/obj/chqueues.o
                0x0000000000009bc0                chIQGetTimeout
 *fill*         0x0000000000009c34        0xc 
 .text.chIQReadTimeout
                0x0000000000009c40       0xa8 build/obj/chqueues.o
                0x0000000000009c40                chIQReadTimeout
 *fill*         0x0000000000009ce8        0x8 
 .text.chOQInit
                0x0000000000009cf0       0x34 build/obj/chqueues.o
                0x0000000000009cf0                chOQInit
 *fill*         0x0000000000009d24        0xc 
 .text.chOQPutTimeout
                0x0000000000009d30       0x8c build/obj/chqueues.o
                0x0000000000009d30                chOQPutTimeout
 *fill*         0x0000000000009dbc        0x4 
 .text.chOQGetI
                0x0000000000009dc0       0x80 build/obj/chqueues.o
                0x0000000000009dc0                chOQGetI
 .text.chOQWriteTimeout
                0x0000000000009e40       0xac build/obj/chqueues.o
                0x0000000000009e40                chOQWriteTimeout
 *fill*         0x0000000000009eec        0x4 
 .text._core_init
                0x0000000000009ef0       0x34 build/obj/chmemcore.o
                0x0000000000009ef0                _core_init
 *fill*         0x0000000000009f24        0xc 
 .text.chCoreAlloc
                0x0000000000009f30       0x44 build/obj/chmemcore.o
                0x0000000000009f30                chCoreAlloc
 *fill*         0x0000000000009f74        0xc 
 .text._heap_init
                0x0000000000009f80       0x28 build/obj/chheap.o
                0x0000000000009f80                _heap_init
 *fill*         0x0000000000009fa8        0x8 
 .text.chHeapAlloc
                0x0000000000009fb0       0xc4 build/obj/chheap.o
                0x0000000000009fb0                chHeapAlloc
 *fill*         0x000000000000a074        0xc 
 .text.chHeapFree
                0x000000000000a080       0xb8 build/obj/chheap.o
                0x000000000000a080                chHeapFree
 *fill*         0x000000000000a138        0x8 
 .text.halInit  0x000000000000a140       0x2c build/obj/hal.o
                0x000000000000a140                halInit
 *fill*         0x000000000000a16c        0x4 
 .text.halPolledDelay
                0x000000000000a170       0x60 build/obj/hal.o
                0x000000000000a170                halPolledDelay
 .text.i2cInit  0x000000000000a1d0        0x4 build/obj/i2c.o
                0x000000000000a1d0                i2cInit
 *fill*         0x000000000000a1d4        0xc 
 .text.i2cObjectInit
                0x000000000000a1e0       0x18 build/obj/i2c.o
                0x000000000000a1e0                i2cObjectInit
 *fill*         0x000000000000a1f8        0x8 
 .text.i2cStart
                0x000000000000a200       0x24 build/obj/i2c.o
                0x000000000000a200                i2cStart
 *fill*         0x000000000000a224        0xc 
 .text.i2cMasterTransmitTimeout
                0x000000000000a230       0x5c build/obj/i2c.o
                0x000000000000a230                i2cMasterTransmitTimeout
 *fill*         0x000000000000a28c        0x4 
 .text.i2cMasterReceiveTimeout
                0x000000000000a290       0x48 build/obj/i2c.o
                0x000000000000a290                i2cMasterReceiveTimeout
 *fill*         0x000000000000a2d8        0x8 
 .text.i2cAcquireBus
                0x000000000000a2e0        0x8 build/obj/i2c.o
                0x000000000000a2e0                i2cAcquireBus
 *fill*         0x000000000000a2e8        0x8 
 .text.i2cReleaseBus
                0x000000000000a2f0        0x4 build/obj/i2c.o
                0x000000000000a2f0                i2cReleaseBus
 *fill*         0x000000000000a2f4        0xc 
 .text.readt    0x000000000000a300        0x8 build/obj/serial.o
 *fill*         0x000000000000a308        0x8 
 .text.read     0x000000000000a310        0xc build/obj/serial.o
 *fill*         0x000000000000a31c        0x4 
 .text.writet   0x000000000000a320        0x8 build/obj/serial.o
 *fill*         0x000000000000a328        0x8 
 .text.write    0x000000000000a330        0xc build/obj/serial.o
 *fill*         0x000000000000a33c        0x4 
 .text.gett     0x000000000000a340        0x8 build/obj/serial.o
 *fill*         0x000000000000a348        0x8 
 .text.get      0x000000000000a350        0xc build/obj/serial.o
 *fill*         0x000000000000a35c        0x4 
 .text.putt     0x000000000000a360        0x8 build/obj/serial.o
 *fill*         0x000000000000a368        0x8 
 .text.put      0x000000000000a370        0xc build/obj/serial.o
 *fill*         0x000000000000a37c        0x4 
 .text.sdInit   0x000000000000a380        0x4 build/obj/serial.o
                0x000000000000a380                sdInit
 *fill*         0x000000000000a384        0xc 
 .text.sdObjectInit
                0x000000000000a390       0x60 build/obj/serial.o
                0x000000000000a390                sdObjectInit
 .text.sdStart  0x000000000000a3f0       0x20 build/obj/serial.o
                0x000000000000a3f0                sdStart
 .text.sdIncomingDataI
                0x000000000000a410       0x4c build/obj/serial.o
                0x000000000000a410                sdIncomingDataI
 *fill*         0x000000000000a45c        0x4 
 .text.sdRequestDataI
                0x000000000000a460       0x34 build/obj/serial.o
                0x000000000000a460                sdRequestDataI
 *fill*         0x000000000000a494        0xc 
 .text.spiInit  0x000000000000a4a0        0x4 build/obj/spi.o
                0x000000000000a4a0                spiInit
 *fill*         0x000000000000a4a4        0xc 
 .text.spiObjectInit
                0x000000000000a4b0       0x1c build/obj/spi.o
                0x000000000000a4b0                spiObjectInit
 *fill*         0x000000000000a4cc        0x4 
 .text.tm_start
                0x000000000000a4d0       0x14 build/obj/tm.o
 *fill*         0x000000000000a4e4        0xc 
 .text.tm_stop  0x000000000000a4f0       0x4c build/obj/tm.o
 *fill*         0x000000000000a53c        0x4 
 .text.tmInit   0x000000000000a540       0x64 build/obj/tm.o
                0x000000000000a540                tmInit
 *fill*         0x000000000000a5a4        0xc 
 .text.IrqHandler
                0x000000000000a5b0       0x4c build/obj/hal_lld.o
                0x000000000000a5b0                IrqHandler
 *fill*         0x000000000000a5fc        0x4 
 .text.hal_lld_init
                0x000000000000a600       0x50 build/obj/hal_lld.o
                0x000000000000a600                hal_lld_init
 .text.watchdog_start
                0x000000000000a650       0x34 build/obj/hal_lld.o
                0x000000000000a650                watchdog_start
 *fill*         0x000000000000a684        0xc 
 .text.set_gpio_in.isra.0
                0x000000000000a690       0x40 build/obj/pal_lld.o
 .text.set_gpio_pud.isra.1
                0x000000000000a6d0       0x44 build/obj/pal_lld.o
 *fill*         0x000000000000a714        0xc 
 .text._pal_lld_init
                0x000000000000a720       0x98 build/obj/pal_lld.o
                0x000000000000a720                _pal_lld_init
 *fill*         0x000000000000a7b8        0x8 
 .text._pal_lld_setgroupmode
                0x000000000000a7c0       0xc8 build/obj/pal_lld.o
                0x000000000000a7c0                _pal_lld_setgroupmode
 *fill*         0x000000000000a888        0x8 
 .text._pal_lld_writeport
                0x000000000000a890       0x1c build/obj/pal_lld.o
                0x000000000000a890                _pal_lld_writeport
 *fill*         0x000000000000a8ac        0x4 
 .text.output_notify
                0x000000000000a8b0       0x18 build/obj/serial_lld.o
 *fill*         0x000000000000a8c8        0x8 
 .text.sd_lld_serve_interrupt
                0x000000000000a8d0       0xa8 build/obj/serial_lld.o
                0x000000000000a8d0                sd_lld_serve_interrupt
 *fill*         0x000000000000a978        0x8 
 .text.sd_lld_init
                0x000000000000a980       0x18 build/obj/serial_lld.o
                0x000000000000a980                sd_lld_init
 *fill*         0x000000000000a998        0x8 
 .text.sd_lld_start
                0x000000000000a9a0       0xc4 build/obj/serial_lld.o
                0x000000000000a9a0                sd_lld_start
 *fill*         0x000000000000aa64        0xc 
 .text.i2c_lld_safety_timeout
                0x000000000000aa70       0x74 build/obj/i2c_lld.o
 *fill*         0x000000000000aae4        0xc 
 .text.i2c_lld_serve_interrupt
                0x000000000000aaf0      0x14c build/obj/i2c_lld.o
                0x000000000000aaf0                i2c_lld_serve_interrupt
 *fill*         0x000000000000ac3c        0x4 
 .text.i2c_lld_init
                0x000000000000ac40       0x40 build/obj/i2c_lld.o
                0x000000000000ac40                i2c_lld_init
 .text.i2c_lld_start
                0x000000000000ac80       0x80 build/obj/i2c_lld.o
                0x000000000000ac80                i2c_lld_start
 .text.i2c_lld_master_receive_timeout
                0x000000000000ad00       0xcc build/obj/i2c_lld.o
                0x000000000000ad00                i2c_lld_master_receive_timeout
 *fill*         0x000000000000adcc        0x4 
 .text.i2c_lld_master_transmit_timeout
                0x000000000000add0      0x13c build/obj/i2c_lld.o
                0x000000000000add0                i2c_lld_master_transmit_timeout
 *fill*         0x000000000000af0c        0x4 
 .text.spi_lld_serve_interrupt
                0x000000000000af10      0x184 build/obj/spi_lld.o
                0x000000000000af10                spi_lld_serve_interrupt
 *fill*         0x000000000000b094        0xc 
 .text.spi_lld_init
                0x000000000000b0a0        0xc build/obj/spi_lld.o
                0x000000000000b0a0                spi_lld_init
 *fill*         0x000000000000b0ac        0x4 
 .text.bcm2835_gpio_fnsel
                0x000000000000b0b0       0x4c build/obj/bcm2835.o
                0x000000000000b0b0                bcm2835_gpio_fnsel
 *fill*         0x000000000000b0fc        0x4 
 .text.bcm2835_delay
                0x000000000000b100       0x3c build/obj/bcm2835.o
                0x000000000000b100                bcm2835_delay
 *fill*         0x000000000000b13c        0x4 
 .text.boardInit
                0x000000000000b140        0x4 build/obj/board.o
                0x000000000000b140                boardInit
 *fill*         0x000000000000b144        0xc 
 .text.VL53L0X_SetDeviceMode
                0x000000000000b150       0x78 build/obj/vl53l0x_api.o
                0x000000000000b150                VL53L0X_SetDeviceMode
 *fill*         0x000000000000b1c8        0x8 
 .text.VL53L0X_SetMeasurementTimingBudgetMicroSeconds
                0x000000000000b1d0        0x4 build/obj/vl53l0x_api.o
                0x000000000000b1d0                VL53L0X_SetMeasurementTimingBudgetMicroSeconds
 *fill*         0x000000000000b1d4        0xc 
 .text.VL53L0X_GetVcselPulsePeriod
                0x000000000000b1e0        0x4 build/obj/vl53l0x_api.o
                0x000000000000b1e0                VL53L0X_GetVcselPulsePeriod
 *fill*         0x000000000000b1e4        0xc 
 .text.VL53L0X_SetSequenceStepEnable
                0x000000000000b1f0      0x158 build/obj/vl53l0x_api.o
                0x000000000000b1f0                VL53L0X_SetSequenceStepEnable
 *fill*         0x000000000000b348        0x8 
 .text.VL53L0X_GetSequenceStepEnables
                0x000000000000b350       0x6c build/obj/vl53l0x_api.o
                0x000000000000b350                VL53L0X_GetSequenceStepEnables
 *fill*         0x000000000000b3bc        0x4 
 .text.VL53L0X_GetInterMeasurementPeriodMilliSeconds
                0x000000000000b3c0       0x78 build/obj/vl53l0x_api.o
                0x000000000000b3c0                VL53L0X_GetInterMeasurementPeriodMilliSeconds
 *fill*         0x000000000000b438        0x8 
 .text.VL53L0X_GetXTalkCompensationEnable
                0x000000000000b440       0x10 build/obj/vl53l0x_api.o
                0x000000000000b440                VL53L0X_GetXTalkCompensationEnable
 .text.VL53L0X_GetXTalkCompensationRateMegaCps
                0x000000000000b450       0x54 build/obj/vl53l0x_api.o
                0x000000000000b450                VL53L0X_GetXTalkCompensationRateMegaCps
 *fill*         0x000000000000b4a4        0xc 
 .text.VL53L0X_SetLimitCheckEnable
                0x000000000000b4b0       0xf0 build/obj/vl53l0x_api.o
                0x000000000000b4b0                VL53L0X_SetLimitCheckEnable
 .text.VL53L0X_GetLimitCheckEnable
                0x000000000000b5a0       0x24 build/obj/vl53l0x_api.o
                0x000000000000b5a0                VL53L0X_GetLimitCheckEnable
 *fill*         0x000000000000b5c4        0xc 
 .text.VL53L0X_SetLimitCheckValue
                0x000000000000b5d0       0xb0 build/obj/vl53l0x_api.o
                0x000000000000b5d0                VL53L0X_SetLimitCheckValue
 .text.VL53L0X_GetLimitCheckValue
                0x000000000000b680       0xc4 build/obj/vl53l0x_api.o
                0x000000000000b680                VL53L0X_GetLimitCheckValue
 *fill*         0x000000000000b744        0xc 
 .text.VL53L0X_GetWrapAroundCheckEnable
                0x000000000000b750       0x4c build/obj/vl53l0x_api.o
                0x000000000000b750                VL53L0X_GetWrapAroundCheckEnable
 *fill*         0x000000000000b79c        0x4 
 .text.VL53L0X_GetDeviceParameters
                0x000000000000b7a0       0xbc build/obj/vl53l0x_api.o
                0x000000000000b7a0                VL53L0X_GetDeviceParameters
 *fill*         0x000000000000b85c        0x4 
 .text.VL53L0X_DataInit
                0x000000000000b860      0x338 build/obj/vl53l0x_api.o
                0x000000000000b860                VL53L0X_DataInit
 *fill*         0x000000000000bb98        0x8 
 .text.VL53L0X_PerformRefCalibration
                0x000000000000bba0        0x8 build/obj/vl53l0x_api.o
                0x000000000000bba0                VL53L0X_PerformRefCalibration
 *fill*         0x000000000000bba8        0x8 
 .text.VL53L0X_GetMeasurementDataReady
                0x000000000000bbb0       0x7c build/obj/vl53l0x_api.o
                0x000000000000bbb0                VL53L0X_GetMeasurementDataReady
 *fill*         0x000000000000bc2c        0x4 
 .text.VL53L0X_GetRangingMeasurementData
                0x000000000000bc30      0x1e4 build/obj/vl53l0x_api.o
                0x000000000000bc30                VL53L0X_GetRangingMeasurementData
 *fill*         0x000000000000be14        0xc 
 .text.VL53L0X_GetInterruptThresholds
                0x000000000000be20       0x60 build/obj/vl53l0x_api.o
                0x000000000000be20                VL53L0X_GetInterruptThresholds
 .text.VL53L0X_CheckAndLoadInterruptSettings
                0x000000000000be80       0xe8 build/obj/vl53l0x_api.o
                0x000000000000be80                VL53L0X_CheckAndLoadInterruptSettings
 *fill*         0x000000000000bf68        0x8 
 .text.VL53L0X_StartMeasurement
                0x000000000000bf70      0x190 build/obj/vl53l0x_api.o
                0x000000000000bf70                VL53L0X_StartMeasurement
 .text.VL53L0X_PerformSingleMeasurement
                0x000000000000c100       0x40 build/obj/vl53l0x_api.o
                0x000000000000c100                VL53L0X_PerformSingleMeasurement
 .text.VL53L0X_ClearInterruptMask
                0x000000000000c140       0x88 build/obj/vl53l0x_api.o
                0x000000000000c140                VL53L0X_ClearInterruptMask
 *fill*         0x000000000000c1c8        0x8 
 .text.VL53L0X_PerformSingleRangingMeasurement
                0x000000000000c1d0       0x44 build/obj/vl53l0x_api.o
                0x000000000000c1d0                VL53L0X_PerformSingleRangingMeasurement
 *fill*         0x000000000000c214        0xc 
 .text.VL53L0X_SetGpioConfig.part.1
                0x000000000000c220      0x214 build/obj/vl53l0x_api.o
 *fill*         0x000000000000c434        0xc 
 .text.VL53L0X_StaticInit
                0x000000000000c440      0x288 build/obj/vl53l0x_api.o
                0x000000000000c440                VL53L0X_StaticInit
 *fill*         0x000000000000c6c8        0x8 
 .text.VL53L0X_PerformRefSpadManagement
                0x000000000000c6d0        0x4 build/obj/vl53l0x_api.o
                0x000000000000c6d0                VL53L0X_PerformRefSpadManagement
 *fill*         0x000000000000c6d4        0xc 
 .text.VL53L0X_get_offset_calibration_data_micro_meter
                0x000000000000c6e0       0x4c build/obj/vl53l0x_api_calibration.o
                0x000000000000c6e0                VL53L0X_get_offset_calibration_data_micro_meter
 *fill*         0x000000000000c72c        0x4 
 .text.get_next_good_spad
                0x000000000000c730       0x74 build/obj/vl53l0x_api_calibration.o
                0x000000000000c730                get_next_good_spad
 *fill*         0x000000000000c7a4        0xc 
 .text.enable_ref_spads
                0x000000000000c7b0      0x13c build/obj/vl53l0x_api_calibration.o
                0x000000000000c7b0                enable_ref_spads
 *fill*         0x000000000000c8ec        0x4 
 .text.perform_ref_signal_measurement
                0x000000000000c8f0       0xac build/obj/vl53l0x_api_calibration.o
                0x000000000000c8f0                perform_ref_signal_measurement
 *fill*         0x000000000000c99c        0x4 
 .text.VL53L0X_set_reference_spads
                0x000000000000c9a0      0x120 build/obj/vl53l0x_api_calibration.o
                0x000000000000c9a0                VL53L0X_set_reference_spads
 .text.VL53L0X_perform_single_ref_calibration
                0x000000000000cac0       0x58 build/obj/vl53l0x_api_calibration.o
                0x000000000000cac0                VL53L0X_perform_single_ref_calibration
 *fill*         0x000000000000cb18        0x8 
 .text.VL53L0X_ref_calibration_io
                0x000000000000cb20      0x170 build/obj/vl53l0x_api_calibration.o
                0x000000000000cb20                VL53L0X_ref_calibration_io
 .text.VL53L0X_perform_vhv_calibration
                0x000000000000cc90       0xc4 build/obj/vl53l0x_api_calibration.o
                0x000000000000cc90                VL53L0X_perform_vhv_calibration
 *fill*         0x000000000000cd54        0xc 
 .text.VL53L0X_perform_phase_calibration
                0x000000000000cd60       0xb8 build/obj/vl53l0x_api_calibration.o
                0x000000000000cd60                VL53L0X_perform_phase_calibration
 *fill*         0x000000000000ce18        0x8 
 .text.VL53L0X_perform_ref_calibration
                0x000000000000ce20       0x60 build/obj/vl53l0x_api_calibration.o
                0x000000000000ce20                VL53L0X_perform_ref_calibration
 .text.VL53L0X_perform_ref_spad_management
                0x000000000000ce80      0x3d0 build/obj/vl53l0x_api_calibration.o
                0x000000000000ce80                VL53L0X_perform_ref_spad_management
 .text.VL53L0X_encode_timeout.part.0
                0x000000000000d250       0x3c build/obj/vl53l0x_api_core.o
 *fill*         0x000000000000d28c        0x4 
 .text.set_sequence_step_timeout.part.1
                0x000000000000d290      0x1b4 build/obj/vl53l0x_api_core.o
 *fill*         0x000000000000d444        0xc 
 .text.VL53L0X_measurement_poll_for_completion
                0x000000000000d450       0x60 build/obj/vl53l0x_api_core.o
                0x000000000000d450                VL53L0X_measurement_poll_for_completion
 .text.VL53L0X_device_read_strobe
                0x000000000000d4b0       0x7c build/obj/vl53l0x_api_core.o
                0x000000000000d4b0                VL53L0X_device_read_strobe
 *fill*         0x000000000000d52c        0x4 
 .text.VL53L0X_get_info_from_device
                0x000000000000d530      0x868 build/obj/vl53l0x_api_core.o
                0x000000000000d530                VL53L0X_get_info_from_device
 *fill*         0x000000000000dd98        0x8 
 .text.get_sequence_step_timeout
                0x000000000000dda0      0x23c build/obj/vl53l0x_api_core.o
                0x000000000000dda0                get_sequence_step_timeout
 *fill*         0x000000000000dfdc        0x4 
 .text.VL53L0X_get_vcsel_pulse_period
                0x000000000000dfe0       0x64 build/obj/vl53l0x_api_core.o
                0x000000000000dfe0                VL53L0X_get_vcsel_pulse_period
 *fill*         0x000000000000e044        0xc 
 .text.VL53L0X_set_measurement_timing_budget_micro_seconds
                0x000000000000e050      0x180 build/obj/vl53l0x_api_core.o
                0x000000000000e050                VL53L0X_set_measurement_timing_budget_micro_seconds
 .text.VL53L0X_get_measurement_timing_budget_micro_seconds
                0x000000000000e1d0      0x17c build/obj/vl53l0x_api_core.o
                0x000000000000e1d0                VL53L0X_get_measurement_timing_budget_micro_seconds
 *fill*         0x000000000000e34c        0x4 
 .text.VL53L0X_load_tuning_settings
                0x000000000000e350      0x174 build/obj/vl53l0x_api_core.o
                0x000000000000e350                VL53L0X_load_tuning_settings
 *fill*         0x000000000000e4c4        0xc 
 .text.VL53L0X_get_total_xtalk_rate
                0x000000000000e4d0       0x58 build/obj/vl53l0x_api_core.o
                0x000000000000e4d0                VL53L0X_get_total_xtalk_rate
 *fill*         0x000000000000e528        0x8 
 .text.VL53L0X_calc_dmax
                0x000000000000e530      0x1c8 build/obj/vl53l0x_api_core.o
                0x000000000000e530                VL53L0X_calc_dmax
 *fill*         0x000000000000e6f8        0x8 
 .text.VL53L0X_calc_sigma_estimate
                0x000000000000e700      0x488 build/obj/vl53l0x_api_core.o
                0x000000000000e700                VL53L0X_calc_sigma_estimate
 *fill*         0x000000000000eb88        0x8 
 .text.VL53L0X_get_pal_range_status
                0x000000000000eb90      0x3a4 build/obj/vl53l0x_api_core.o
                0x000000000000eb90                VL53L0X_get_pal_range_status
 *fill*         0x000000000000ef34        0xc 
 .text.cmd_systime
                0x000000000000ef40       0x34 build/obj/shell.o
 *fill*         0x000000000000ef74        0xc 
 .text.cmd_info
                0x000000000000ef80       0xe8 build/obj/shell.o
 *fill*         0x000000000000f068        0x8 
 .text._strtok.constprop.2
                0x000000000000f070       0x78 build/obj/shell.o
 *fill*         0x000000000000f0e8        0x8 
 .text.shellInit
                0x000000000000f0f0       0x10 build/obj/shell.o
                0x000000000000f0f0                shellInit
 .text.shellCreate
                0x000000000000f100       0x24 build/obj/shell.o
                0x000000000000f100                shellCreate
 *fill*         0x000000000000f124        0xc 
 .text.shellGetLine
                0x000000000000f130      0x120 build/obj/shell.o
                0x000000000000f130                shellGetLine
 .text.shell_thread
                0x000000000000f250      0x2bc build/obj/shell.o
 *fill*         0x000000000000f50c        0x4 
 .text.chprintf
                0x000000000000f510      0x7e8 build/obj/chprintf.o
                0x000000000000f510                chprintf
 *fill*         0x000000000000fcf8        0x8 
 .text.cmd_reboot
                0x000000000000fd00       0x1c build/obj/main.o
 *fill*         0x000000000000fd1c        0x4 
 .text.VL53L0X_RdByte
                0x000000000000fd20       0x54 build/obj/main.o
                0x000000000000fd20                VL53L0X_RdByte
 *fill*         0x000000000000fd74        0xc 
 .text.VL53L0X_PollingDelay
                0x000000000000fd80        0x8 build/obj/main.o
                0x000000000000fd80                VL53L0X_PollingDelay
 *fill*         0x000000000000fd88        0x8 
 .text.VL53L0X_ReadMulti
                0x000000000000fd90       0x64 build/obj/main.o
                0x000000000000fd90                VL53L0X_ReadMulti
 *fill*         0x000000000000fdf4        0xc 
 .text.VL53L0X_WrWord
                0x000000000000fe00       0x6c build/obj/main.o
                0x000000000000fe00                VL53L0X_WrWord
 *fill*         0x000000000000fe6c        0x4 
 .text.VL53L0X_RdWord
                0x000000000000fe70       0x54 build/obj/main.o
                0x000000000000fe70                VL53L0X_RdWord
 *fill*         0x000000000000fec4        0xc 
 .text.VL53L0X_RdDWord
                0x000000000000fed0       0x54 build/obj/main.o
                0x000000000000fed0                VL53L0X_RdDWord
 *fill*         0x000000000000ff24        0xc 
 .text.VL53L0X_UpdateByte
                0x000000000000ff30       0x88 build/obj/main.o
                0x000000000000ff30                VL53L0X_UpdateByte
 *fill*         0x000000000000ffb8        0x8 
 .text.blink    0x000000000000ffc0       0xdc build/obj/main.o
                0x000000000000ffc0                blink
 *fill*         0x000000000001009c        0x4 
 .text.check_error_vl53
                0x00000000000100a0      0x374 build/obj/main.o
                0x00000000000100a0                check_error_vl53
 *fill*         0x0000000000010414        0xc 
 .text.VL53L0X_WrByte
                0x0000000000010420       0xf4 build/obj/main.o
                0x0000000000010420                VL53L0X_WrByte
 *fill*         0x0000000000010514        0xc 
 .text.VL53L0X_WriteMulti
                0x0000000000010520       0x50 build/obj/main.o
                0x0000000000010520                VL53L0X_WriteMulti
 .text.check_error
                0x0000000000010570       0x58 build/obj/main.o
                0x0000000000010570                check_error
 *fill*         0x00000000000105c8        0x8 
 .text.startup.main
                0x00000000000105d0      0x350 build/obj/main.o
                0x00000000000105d0                main
 .text.memcpy   0x0000000000010920      0x110 /usr/local/Cellar/gcc-arm-none-eabi/20180627/bin/../lib/gcc/arm-none-eabi/7.3.1/../../../../arm-none-eabi/lib/libc.a(lib_a-memcpy-stub.o)
                0x0000000000010920                memcpy
 .text.memset   0x0000000000010a30      0x114 /usr/local/Cellar/gcc-arm-none-eabi/20180627/bin/../lib/gcc/arm-none-eabi/7.3.1/../../../../arm-none-eabi/lib/libc.a(lib_a-memset.o)
                0x0000000000010a30                memset
 *fill*         0x0000000000010b44        0xc 
 .text.strcasecmp
                0x0000000000010b50       0x70 /usr/local/Cellar/gcc-arm-none-eabi/20180627/bin/../lib/gcc/arm-none-eabi/7.3.1/../../../../arm-none-eabi/lib/libc.a(lib_a-strcasecmp.o)
                0x0000000000010b50                strcasecmp
 .text.strchr   0x0000000000010bc0      0x184 /usr/local/Cellar/gcc-arm-none-eabi/20180627/bin/../lib/gcc/arm-none-eabi/7.3.1/../../../../arm-none-eabi/lib/libc.a(lib_a-strchr.o)
                0x0000000000010bc0                strchr
 *fill*         0x0000000000010d44        0xc 
 .text.strcpy   0x0000000000010d50       0xf0 /usr/local/Cellar/gcc-arm-none-eabi/20180627/bin/../lib/gcc/arm-none-eabi/7.3.1/../../../../arm-none-eabi/lib/libc.a(lib_a-strcpy.o)
                0x0000000000010d50                strcpy
 .text.strspn   0x0000000000010e40       0x70 /usr/local/Cellar/gcc-arm-none-eabi/20180627/bin/../lib/gcc/arm-none-eabi/7.3.1/../../../../arm-none-eabi/lib/libc.a(lib_a-strspn.o)
                0x0000000000010e40                strspn
 .text.__locale_ctype_ptr
                0x0000000000010eb0       0x28 /usr/local/Cellar/gcc-arm-none-eabi/20180627/bin/../lib/gcc/arm-none-eabi/7.3.1/../../../../arm-none-eabi/lib/libc.a(lib_a-locale.o)
                0x0000000000010eb0                __locale_ctype_ptr
 *fill*         0x0000000000010ed8        0x8 
 .text.__ascii_mbtowc
                0x0000000000010ee0       0x44 /usr/local/Cellar/gcc-arm-none-eabi/20180627/bin/../lib/gcc/arm-none-eabi/7.3.1/../../../../arm-none-eabi/lib/libc.a(lib_a-mbtowc_r.o)
                0x0000000000010ee0                __ascii_mbtowc
 *fill*         0x0000000000010f24        0xc 
 .text.__ascii_wctomb
                0x0000000000010f30       0x28 /usr/local/Cellar/gcc-arm-none-eabi/20180627/bin/../lib/gcc/arm-none-eabi/7.3.1/../../../../arm-none-eabi/lib/libc.a(lib_a-wctomb_r.o)
                0x0000000000010f30                __ascii_wctomb
 *(.rodata)
 *fill*         0x0000000000010f58        0x8 
 .rodata        0x0000000000010f60        0x4 build/obj/shell.o
 *(.rodata.*)
 *fill*         0x0000000000010f64        0xc 
 .rodata._idle_thread.str1.4
                0x0000000000010f70        0x5 build/obj/chsys.o
 *fill*         0x0000000000010f75        0xb 
 .rodata.ch_debug
                0x0000000000010f80       0x16 build/obj/chregistry.o
                0x0000000000010f80                ch_debug
 *fill*         0x0000000000010f96        0xa 
 .rodata.vmt    0x0000000000010fa0       0x20 build/obj/serial.o
 .rodata.default_config
                0x0000000000010fc0        0x4 build/obj/serial_lld.o
 *fill*         0x0000000000010fc4        0xc 
 .rodata.pal_default_config
                0x0000000000010fd0        0x0 build/obj/board.o
                0x0000000000010fd0                pal_default_config
 .rodata.cmd_info.str1.4
                0x0000000000010fd0      0x139 build/obj/shell.o
 *fill*         0x0000000000011109        0x7 
 .rodata.cmd_systime.str1.4
                0x0000000000011110       0x1a build/obj/shell.o
 *fill*         0x000000000001112a        0x6 
 .rodata.shellGetLine.str1.4
                0x0000000000011130        0x3 build/obj/shell.o
                                          0x7 (size before relaxing)
 *fill*         0x0000000000011133        0xd 
 .rodata.shell_thread.str1.4
                0x0000000000011140       0x81 build/obj/shell.o
 *fill*         0x00000000000111c1        0xf 
 .rodata.chprintf.str1.4
                0x00000000000111d0        0x7 build/obj/chprintf.o
 *fill*         0x00000000000111d7        0x9 
 .rodata.cmd_reboot.str1.4
                0x00000000000111e0       0x10 build/obj/main.o
 .rodata.commands
                0x00000000000111f0       0x10 build/obj/main.o
 .rodata.main.str1.4
                0x0000000000011200       0x15 build/obj/main.o
 *fill*         0x0000000000011215        0xb 
 .rodata.shell_config
                0x0000000000011220        0x8 build/obj/main.o
 *fill*         0x0000000000011228        0x8 
 .rodata.str1.4
                0x0000000000011230        0x7 build/obj/main.o
 *fill*         0x0000000000011237        0x9 
 .rodata._setlocale_r.str1.4
                0x0000000000011240        0xa /usr/local/Cellar/gcc-arm-none-eabi/20180627/bin/../lib/gcc/arm-none-eabi/7.3.1/../../../../arm-none-eabi/lib/libc.a(lib_a-locale.o)
                                          0xd (size before relaxing)
 *fill*         0x000000000001124a        0x6 
 .rodata.str1.4
                0x0000000000011250        0x4 /usr/local/Cellar/gcc-arm-none-eabi/20180627/bin/../lib/gcc/arm-none-eabi/7.3.1/../../../../arm-none-eabi/lib/libc.a(lib_a-locale.o)
                                          0x2 (size before relaxing)
 *fill*         0x0000000000011254        0xc 
 .rodata._ctype_
                0x0000000000011260      0x101 /usr/local/Cellar/gcc-arm-none-eabi/20180627/bin/../lib/gcc/arm-none-eabi/7.3.1/../../../../arm-none-eabi/lib/libc.a(lib_a-ctype_.o)
                0x0000000000011260                _ctype_
 *(.glue_7t)
 .glue_7t       0x0000000000011361        0x0 linker stubs
 *(.glue_7)
 .glue_7        0x0000000000011361        0x0 linker stubs
 *(.gcc*)
 *(.ctors)
 *(.dtors)

.vfp11_veneer   0x0000000000011364        0x0
 .vfp11_veneer  0x0000000000011364        0x0 linker stubs

.v4_bx          0x0000000000011364        0x0
 .v4_bx         0x0000000000011364        0x0 linker stubs

.iplt           0x0000000000011364        0x0
 .iplt          0x0000000000011364        0x0 build/obj/crt0.o

.rel.dyn        0x0000000000011364        0x0
 .rel.iplt      0x0000000000011364        0x0 build/obj/crt0.o

.ARM.extab
 *(.ARM.extab* .gnu.linkonce.armextab.*)
                0x0000000000011364                __exidx_start = .

.ARM.exidx
 *(.ARM.exidx* .gnu.linkonce.armexidx.*)
                0x0000000000011364                __exidx_end = .

.eh_frame_hdr
 *(.eh_frame_hdr)

.eh_frame
 *(.eh_frame)
                0x0000000000011364                . = ALIGN (0x4)
                0x0000000000011364                _etext = .
                0x0000000000011364                _textdata = _etext

.data           0x0000000000011368      0x86c
                0x0000000000011368                _data = .
 *(.data)
                0x0000000000011368                . = ALIGN (0x4)
 *(.data.*)
 .data.DefaultTuningSettings
                0x0000000000011368       0xf3 build/obj/vl53l0x_api.o
                0x0000000000011368                DefaultTuningSettings
 *fill*         0x000000000001145b        0x1 
 .data.InterruptThresholdSettings
                0x000000000001145c      0x1b6 build/obj/vl53l0x_api.o
                0x000000000001145c                InterruptThresholdSettings
 *fill*         0x0000000000011612        0x2 
 .data.refArrayQuadrants
                0x0000000000011614       0x10 build/obj/vl53l0x_api_calibration.o
                0x0000000000011614                refArrayQuadrants
 .data.local_commands
                0x0000000000011624       0x18 build/obj/shell.o
 .data._impure_ptr
                0x000000000001163c        0x4 /usr/local/Cellar/gcc-arm-none-eabi/20180627/bin/../lib/gcc/arm-none-eabi/7.3.1/../../../../arm-none-eabi/lib/libc.a(lib_a-impure.o)
                0x000000000001163c                _impure_ptr
 .data.impure_data
                0x0000000000011640      0x428 /usr/local/Cellar/gcc-arm-none-eabi/20180627/bin/../lib/gcc/arm-none-eabi/7.3.1/../../../../arm-none-eabi/lib/libc.a(lib_a-impure.o)
 .data.__global_locale
                0x0000000000011a68      0x16c /usr/local/Cellar/gcc-arm-none-eabi/20180627/bin/../lib/gcc/arm-none-eabi/7.3.1/../../../../arm-none-eabi/lib/libc.a(lib_a-locale.o)
                0x0000000000011a68                __global_locale
                0x0000000000011bd4                . = ALIGN (0x4)
 *(.ramtext)
                0x0000000000011bd4                . = ALIGN (0x4)
                0x0000000000011bd4                _edata = .

.igot.plt       0x0000000000011bd4        0x0
 .igot.plt      0x0000000000011bd4        0x0 build/obj/crt0.o

.bss            0x0000000000011bd8      0xb58
                0x0000000000011bd8                _bss_start = .
 *(.bss)
                0x0000000000011bd8                . = ALIGN (0x4)
 *(.bss.*)
 .bss.mainthread.4724
                0x0000000000011bd8       0x44 build/obj/chsys.o
 .bss.endmem    0x0000000000011c1c        0x4 build/obj/chmemcore.o
 .bss.nextmem   0x0000000000011c20        0x4 build/obj/chmemcore.o
 .bss.default_heap
                0x0000000000011c24       0x1c build/obj/chheap.o
 .bss.measurement_offset
                0x0000000000011c40        0x4 build/obj/tm.o
                0x0000000000011c44                . = ALIGN (0x4)
 *(COMMON)
 COMMON         0x0000000000011c44       0x9c build/obj/chsys.o
                0x0000000000011c44                _idle_thread_wa
 COMMON         0x0000000000011ce0       0x10 build/obj/chvt.o
                0x0000000000011ce0                vtlist
 COMMON         0x0000000000011cf0       0x1c build/obj/chschd.o
                0x0000000000011cf0                rlist
 COMMON         0x0000000000011d0c       0x30 build/obj/pal_lld.o
                0x0000000000011d0c                IOPORT1
                0x0000000000011d24                IOPORT0
 COMMON         0x0000000000011d3c       0x74 build/obj/serial_lld.o
                0x0000000000011d3c                SD1
 COMMON         0x0000000000011db0       0x80 build/obj/i2c_lld.o
                0x0000000000011db0                I2C1
                0x0000000000011df0                I2C0
 COMMON         0x0000000000011e30       0x28 build/obj/spi_lld.o
                0x0000000000011e30                SPI0
 COMMON         0x0000000000011e58        0x4 build/obj/shell.o
                0x0000000000011e58                shell_terminated
 *fill*         0x0000000000011e5c        0x4 
 COMMON         0x0000000000011e60      0x8d0 build/obj/main.o
                0x0000000000011e60                back_array
                0x00000000000122c8                front_array
                0x0000000000012730                . = ALIGN (0x4)
                0x0000000000012730                _bss_end = .
                [!provide]                        PROVIDE (end = .)
                0x0000000000012730                _end = .
                0x0000000000012730                __heap_base__ = _end
                0x0000000006007b44                __heap_end__ = (__ram_end__ - __stacks_total_size__)
                0x0000000006007b44                __main_thread_stack_base__ = (__ram_end__ - __stacks_total_size__)
OUTPUT(build/ch.elf elf32-littlearm)

.ARM.attributes
                0x0000000000000000       0x33
 .ARM.attributes
                0x0000000000000000       0x25 build/obj/crt0.o
 .ARM.attributes
                0x0000000000000025       0x25 build/obj/chcoreasm.o
 .ARM.attributes
                0x000000000000004a       0x25 build/obj/vectors.o
 .ARM.attributes
                0x000000000000006f       0x37 build/obj/chsys.o
 .ARM.attributes
                0x00000000000000a6       0x37 build/obj/chvt.o
 .ARM.attributes
                0x00000000000000dd       0x37 build/obj/chschd.o
 .ARM.attributes
                0x0000000000000114       0x37 build/obj/chthreads.o
 .ARM.attributes
                0x000000000000014b       0x37 build/obj/chdynamic.o
 .ARM.attributes
                0x0000000000000182       0x37 build/obj/chregistry.o
 .ARM.attributes
                0x00000000000001b9       0x37 build/obj/chmtx.o
 .ARM.attributes
                0x00000000000001f0       0x37 build/obj/chevents.o
 .ARM.attributes
                0x0000000000000227       0x37 build/obj/chqueues.o
 .ARM.attributes
                0x000000000000025e       0x37 build/obj/chmemcore.o
 .ARM.attributes
                0x0000000000000295       0x37 build/obj/chheap.o
 .ARM.attributes
                0x00000000000002cc       0x37 build/obj/hal.o
 .ARM.attributes
                0x0000000000000303       0x37 build/obj/i2c.o
 .ARM.attributes
                0x000000000000033a       0x37 build/obj/serial.o
 .ARM.attributes
                0x0000000000000371       0x37 build/obj/spi.o
 .ARM.attributes
                0x00000000000003a8       0x37 build/obj/tm.o
 .ARM.attributes
                0x00000000000003df       0x37 build/obj/hal_lld.o
 .ARM.attributes
                0x0000000000000416       0x37 build/obj/pal_lld.o
 .ARM.attributes
                0x000000000000044d       0x37 build/obj/serial_lld.o
 .ARM.attributes
                0x0000000000000484       0x37 build/obj/i2c_lld.o
 .ARM.attributes
                0x00000000000004bb       0x37 build/obj/spi_lld.o
 .ARM.attributes
                0x00000000000004f2       0x37 build/obj/bcm2835.o
 .ARM.attributes
                0x0000000000000529       0x37 build/obj/board.o
 .ARM.attributes
                0x0000000000000560       0x37 build/obj/vl53l0x_api.o
 .ARM.attributes
                0x0000000000000597       0x37 build/obj/vl53l0x_api_calibration.o
 .ARM.attributes
                0x00000000000005ce       0x37 build/obj/vl53l0x_api_core.o
 .ARM.attributes
                0x0000000000000605       0x37 build/obj/shell.o
 .ARM.attributes
                0x000000000000063c       0x37 build/obj/chprintf.o
 .ARM.attributes
                0x0000000000000673       0x37 build/obj/main.o
 .ARM.attributes
                0x00000000000006aa       0x18 /usr/local/Cellar/gcc-arm-none-eabi/20180627/bin/../lib/gcc/arm-none-eabi/7.3.1/libgcc.a(_udivsi3.o)
 .ARM.attributes
                0x00000000000006c2       0x18 /usr/local/Cellar/gcc-arm-none-eabi/20180627/bin/../lib/gcc/arm-none-eabi/7.3.1/libgcc.a(_dvmd_tls.o)
 .ARM.attributes
                0x00000000000006da       0x18 /usr/local/Cellar/gcc-arm-none-eabi/20180627/bin/../lib/gcc/arm-none-eabi/7.3.1/libgcc.a(_arm_addsubdf3.o)
 .ARM.attributes
                0x00000000000006f2       0x18 /usr/local/Cellar/gcc-arm-none-eabi/20180627/bin/../lib/gcc/arm-none-eabi/7.3.1/libgcc.a(_arm_muldivdf3.o)
 .ARM.attributes
                0x000000000000070a       0x18 /usr/local/Cellar/gcc-arm-none-eabi/20180627/bin/../lib/gcc/arm-none-eabi/7.3.1/libgcc.a(_arm_fixdfsi.o)
 .ARM.attributes
                0x0000000000000722       0x18 /usr/local/Cellar/gcc-arm-none-eabi/20180627/bin/../lib/gcc/arm-none-eabi/7.3.1/libgcc.a(_arm_truncdfsf2.o)
 .ARM.attributes
                0x000000000000073a       0x18 /usr/local/Cellar/gcc-arm-none-eabi/20180627/bin/../lib/gcc/arm-none-eabi/7.3.1/libgcc.a(_arm_cmpsf2.o)
 .ARM.attributes
                0x0000000000000752       0x18 /usr/local/Cellar/gcc-arm-none-eabi/20180627/bin/../lib/gcc/arm-none-eabi/7.3.1/libgcc.a(_arm_fixsfsi.o)
 .ARM.attributes
                0x000000000000076a       0x30 /usr/local/Cellar/gcc-arm-none-eabi/20180627/bin/../lib/gcc/arm-none-eabi/7.3.1/../../../../arm-none-eabi/lib/libc.a(lib_a-impure.o)
 .ARM.attributes
                0x000000000000079a       0x30 /usr/local/Cellar/gcc-arm-none-eabi/20180627/bin/../lib/gcc/arm-none-eabi/7.3.1/../../../../arm-none-eabi/lib/libc.a(lib_a-memcpy-stub.o)
 .ARM.attributes
                0x00000000000007ca       0x30 /usr/local/Cellar/gcc-arm-none-eabi/20180627/bin/../lib/gcc/arm-none-eabi/7.3.1/../../../../arm-none-eabi/lib/libc.a(lib_a-memset.o)
 .ARM.attributes
                0x00000000000007fa       0x30 /usr/local/Cellar/gcc-arm-none-eabi/20180627/bin/../lib/gcc/arm-none-eabi/7.3.1/../../../../arm-none-eabi/lib/libc.a(lib_a-strcasecmp.o)
 .ARM.attributes
                0x000000000000082a       0x30 /usr/local/Cellar/gcc-arm-none-eabi/20180627/bin/../lib/gcc/arm-none-eabi/7.3.1/../../../../arm-none-eabi/lib/libc.a(lib_a-strchr.o)
 .ARM.attributes
                0x000000000000085a       0x30 /usr/local/Cellar/gcc-arm-none-eabi/20180627/bin/../lib/gcc/arm-none-eabi/7.3.1/../../../../arm-none-eabi/lib/libc.a(lib_a-strcpy.o)
 .ARM.attributes
                0x000000000000088a       0x30 /usr/local/Cellar/gcc-arm-none-eabi/20180627/bin/../lib/gcc/arm-none-eabi/7.3.1/../../../../arm-none-eabi/lib/libc.a(lib_a-strspn.o)
 .ARM.attributes
                0x00000000000008ba       0x30 /usr/local/Cellar/gcc-arm-none-eabi/20180627/bin/../lib/gcc/arm-none-eabi/7.3.1/../../../../arm-none-eabi/lib/libc.a(lib_a-locale.o)
 .ARM.attributes
                0x00000000000008ea       0x30 /usr/local/Cellar/gcc-arm-none-eabi/20180627/bin/../lib/gcc/arm-none-eabi/7.3.1/../../../../arm-none-eabi/lib/libc.a(lib_a-mbtowc_r.o)
 .ARM.attributes
                0x000000000000091a       0x30 /usr/local/Cellar/gcc-arm-none-eabi/20180627/bin/../lib/gcc/arm-none-eabi/7.3.1/../../../../arm-none-eabi/lib/libc.a(lib_a-wctomb_r.o)
 .ARM.attributes
                0x000000000000094a       0x30 /usr/local/Cellar/gcc-arm-none-eabi/20180627/bin/../lib/gcc/arm-none-eabi/7.3.1/../../../../arm-none-eabi/lib/libc.a(lib_a-ctype_.o)

.comment        0x0000000000000000       0x7f
 .comment       0x0000000000000000       0x7f build/obj/chsys.o
                                         0x80 (size before relaxing)
 .comment       0x000000000000007f       0x80 build/obj/chvt.o
 .comment       0x000000000000007f       0x80 build/obj/chschd.o
 .comment       0x000000000000007f       0x80 build/obj/chthreads.o
 .comment       0x000000000000007f       0x80 build/obj/chdynamic.o
 .comment       0x000000000000007f       0x80 build/obj/chregistry.o
 .comment       0x000000000000007f       0x80 build/obj/chmtx.o
 .comment       0x000000000000007f       0x80 build/obj/chevents.o
 .comment       0x000000000000007f       0x80 build/obj/chqueues.o
 .comment       0x000000000000007f       0x80 build/obj/chmemcore.o
 .comment       0x000000000000007f       0x80 build/obj/chheap.o
 .comment       0x000000000000007f       0x80 build/obj/hal.o
 .comment       0x000000000000007f       0x80 build/obj/i2c.o
 .comment       0x000000000000007f       0x80 build/obj/serial.o
 .comment       0x000000000000007f       0x80 build/obj/spi.o
 .comment       0x000000000000007f       0x80 build/obj/tm.o
 .comment       0x000000000000007f       0x80 build/obj/hal_lld.o
 .comment       0x000000000000007f       0x80 build/obj/pal_lld.o
 .comment       0x000000000000007f       0x80 build/obj/serial_lld.o
 .comment       0x000000000000007f       0x80 build/obj/i2c_lld.o
 .comment       0x000000000000007f       0x80 build/obj/spi_lld.o
 .comment       0x000000000000007f       0x80 build/obj/bcm2835.o
 .comment       0x000000000000007f       0x80 build/obj/board.o
 .comment       0x000000000000007f       0x80 build/obj/vl53l0x_api.o
 .comment       0x000000000000007f       0x80 build/obj/vl53l0x_api_calibration.o
 .comment       0x000000000000007f       0x80 build/obj/vl53l0x_api_core.o
 .comment       0x000000000000007f       0x80 build/obj/shell.o
 .comment       0x000000000000007f       0x80 build/obj/chprintf.o
 .comment       0x000000000000007f       0x80 build/obj/main.o

.debug_info     0x0000000000000000    0x2380a
 .debug_info    0x0000000000000000      0x768 build/obj/chsys.o
 .debug_info    0x0000000000000768      0x6e8 build/obj/chvt.o
 .debug_info    0x0000000000000e50      0xb07 build/obj/chschd.o
 .debug_info    0x0000000000001957      0xb16 build/obj/chthreads.o
 .debug_info    0x000000000000246d      0x861 build/obj/chdynamic.o
 .debug_info    0x0000000000002cce      0x689 build/obj/chregistry.o
 .debug_info    0x0000000000003357      0xad3 build/obj/chmtx.o
 .debug_info    0x0000000000003e2a      0xc05 build/obj/chevents.o
 .debug_info    0x0000000000004a2f      0xc37 build/obj/chqueues.o
 .debug_info    0x0000000000005666      0x71e build/obj/chmemcore.o
 .debug_info    0x0000000000005d84      0x91b build/obj/chheap.o
 .debug_info    0x000000000000669f      0xeae build/obj/hal.o
 .debug_info    0x000000000000754d     0x102d build/obj/i2c.o
 .debug_info    0x000000000000857a     0x136d build/obj/serial.o
 .debug_info    0x00000000000098e7     0x12ce build/obj/spi.o
 .debug_info    0x000000000000abb5      0xeb1 build/obj/tm.o
 .debug_info    0x000000000000ba66      0xe78 build/obj/hal_lld.o
 .debug_info    0x000000000000c8de     0x1073 build/obj/pal_lld.o
 .debug_info    0x000000000000d951     0x10a3 build/obj/serial_lld.o
 .debug_info    0x000000000000e9f4     0x119c build/obj/i2c_lld.o
 .debug_info    0x000000000000fb90     0x122a build/obj/spi_lld.o
 .debug_info    0x0000000000010dba      0x117 build/obj/bcm2835.o
 .debug_info    0x0000000000010ed1      0xd47 build/obj/board.o
 .debug_info    0x0000000000011c18     0x5600 build/obj/vl53l0x_api.o
 .debug_info    0x0000000000017218     0x2aae build/obj/vl53l0x_api_calibration.o
 .debug_info    0x0000000000019cc6     0x3e06 build/obj/vl53l0x_api_core.o
 .debug_info    0x000000000001dacc     0x20e8 build/obj/shell.o
 .debug_info    0x000000000001fbb4      0xb6e build/obj/chprintf.o
 .debug_info    0x0000000000020722     0x30e8 build/obj/main.o

.debug_abbrev   0x0000000000000000     0x4a5b
 .debug_abbrev  0x0000000000000000      0x1af build/obj/chsys.o
 .debug_abbrev  0x00000000000001af      0x182 build/obj/chvt.o
 .debug_abbrev  0x0000000000000331      0x349 build/obj/chschd.o
 .debug_abbrev  0x000000000000067a      0x2ea build/obj/chthreads.o
 .debug_abbrev  0x0000000000000964      0x1d8 build/obj/chdynamic.o
 .debug_abbrev  0x0000000000000b3c      0x14b build/obj/chregistry.o
 .debug_abbrev  0x0000000000000c87      0x2d4 build/obj/chmtx.o
 .debug_abbrev  0x0000000000000f5b      0x298 build/obj/chevents.o
 .debug_abbrev  0x00000000000011f3      0x2fb build/obj/chqueues.o
 .debug_abbrev  0x00000000000014ee      0x1b8 build/obj/chmemcore.o
 .debug_abbrev  0x00000000000016a6      0x1e0 build/obj/chheap.o
 .debug_abbrev  0x0000000000001886      0x22e build/obj/hal.o
 .debug_abbrev  0x0000000000001ab4      0x20e build/obj/i2c.o
 .debug_abbrev  0x0000000000001cc2      0x252 build/obj/serial.o
 .debug_abbrev  0x0000000000001f14      0x1ff build/obj/spi.o
 .debug_abbrev  0x0000000000002113      0x239 build/obj/tm.o
 .debug_abbrev  0x000000000000234c      0x211 build/obj/hal_lld.o
 .debug_abbrev  0x000000000000255d      0x25e build/obj/pal_lld.o
 .debug_abbrev  0x00000000000027bb      0x2d1 build/obj/serial_lld.o
 .debug_abbrev  0x0000000000002a8c      0x2d9 build/obj/i2c_lld.o
 .debug_abbrev  0x0000000000002d65      0x334 build/obj/spi_lld.o
 .debug_abbrev  0x0000000000003099       0xac build/obj/bcm2835.o
 .debug_abbrev  0x0000000000003145      0x163 build/obj/board.o
 .debug_abbrev  0x00000000000032a8      0x4b2 build/obj/vl53l0x_api.o
 .debug_abbrev  0x000000000000375a      0x408 build/obj/vl53l0x_api_calibration.o
 .debug_abbrev  0x0000000000003b62      0x4a3 build/obj/vl53l0x_api_core.o
 .debug_abbrev  0x0000000000004005      0x3c9 build/obj/shell.o
 .debug_abbrev  0x00000000000043ce      0x22a build/obj/chprintf.o
 .debug_abbrev  0x00000000000045f8      0x463 build/obj/main.o

.debug_loc      0x0000000000000000     0xe36d
 .debug_loc     0x0000000000000000       0x31 build/obj/chsys.o
 .debug_loc     0x0000000000000031       0xef build/obj/chvt.o
 .debug_loc     0x0000000000000120      0x2e8 build/obj/chschd.o
 .debug_loc     0x0000000000000408      0x3c9 build/obj/chthreads.o
 .debug_loc     0x00000000000007d1       0xf7 build/obj/chdynamic.o
 .debug_loc     0x00000000000008c8       0x21 build/obj/chregistry.o
 .debug_loc     0x00000000000008e9      0x3fa build/obj/chmtx.o
 .debug_loc     0x0000000000000ce3      0x51f build/obj/chevents.o
 .debug_loc     0x0000000000001202      0x4b6 build/obj/chqueues.o
 .debug_loc     0x00000000000016b8       0xf5 build/obj/chmemcore.o
 .debug_loc     0x00000000000017ad      0x382 build/obj/chheap.o
 .debug_loc     0x0000000000001b2f       0xc3 build/obj/hal.o
 .debug_loc     0x0000000000001bf2      0x1fd build/obj/i2c.o
 .debug_loc     0x0000000000001def      0x4c6 build/obj/serial.o
 .debug_loc     0x00000000000022b5      0x428 build/obj/spi.o
 .debug_loc     0x00000000000026dd       0x48 build/obj/tm.o
 .debug_loc     0x0000000000002725       0x60 build/obj/hal_lld.o
 .debug_loc     0x0000000000002785      0x2f4 build/obj/pal_lld.o
 .debug_loc     0x0000000000002a79      0x198 build/obj/serial_lld.o
 .debug_loc     0x0000000000002c11      0x3a5 build/obj/i2c_lld.o
 .debug_loc     0x0000000000002fb6      0x33c build/obj/spi_lld.o
 .debug_loc     0x00000000000032f2       0x75 build/obj/bcm2835.o
 .debug_loc     0x0000000000003367     0x3f67 build/obj/vl53l0x_api.o
 .debug_loc     0x00000000000072ce     0x1c8c build/obj/vl53l0x_api_calibration.o
 .debug_loc     0x0000000000008f5a     0x3662 build/obj/vl53l0x_api_core.o
 .debug_loc     0x000000000000c5bc      0x700 build/obj/shell.o
 .debug_loc     0x000000000000ccbc      0xdf2 build/obj/chprintf.o
 .debug_loc     0x000000000000daae      0x8bf build/obj/main.o

.debug_aranges  0x0000000000000000      0xd30
 .debug_aranges
                0x0000000000000000       0x30 build/obj/chsys.o
 .debug_aranges
                0x0000000000000030       0x38 build/obj/chvt.o
 .debug_aranges
                0x0000000000000068       0x70 build/obj/chschd.o
 .debug_aranges
                0x00000000000000d8       0x78 build/obj/chthreads.o
 .debug_aranges
                0x0000000000000150       0x30 build/obj/chdynamic.o
 .debug_aranges
                0x0000000000000180       0x28 build/obj/chregistry.o
 .debug_aranges
                0x00000000000001a8       0x58 build/obj/chmtx.o
 .debug_aranges
                0x0000000000000200       0xa0 build/obj/chevents.o
 .debug_aranges
                0x00000000000002a0       0x70 build/obj/chqueues.o
 .debug_aranges
                0x0000000000000310       0x38 build/obj/chmemcore.o
 .debug_aranges
                0x0000000000000348       0x40 build/obj/chheap.o
 .debug_aranges
                0x0000000000000388       0x30 build/obj/hal.o
 .debug_aranges
                0x00000000000003b8       0x60 build/obj/i2c.o
 .debug_aranges
                0x0000000000000418       0x88 build/obj/serial.o
 .debug_aranges
                0x00000000000004a0       0x98 build/obj/spi.o
 .debug_aranges
                0x0000000000000538       0x38 build/obj/tm.o
 .debug_aranges
                0x0000000000000570       0x48 build/obj/hal_lld.o
 .debug_aranges
                0x00000000000005b8       0x40 build/obj/pal_lld.o
 .debug_aranges
                0x00000000000005f8       0x60 build/obj/serial_lld.o
 .debug_aranges
                0x0000000000000658       0x50 build/obj/i2c_lld.o
 .debug_aranges
                0x00000000000006a8       0x70 build/obj/spi_lld.o
 .debug_aranges
                0x0000000000000718       0x28 build/obj/bcm2835.o
 .debug_aranges
                0x0000000000000740       0x20 build/obj/board.o
 .debug_aranges
                0x0000000000000760      0x308 build/obj/vl53l0x_api.o
 .debug_aranges
                0x0000000000000a68       0xd0 build/obj/vl53l0x_api_calibration.o
 .debug_aranges
                0x0000000000000b38       0xf0 build/obj/vl53l0x_api_core.o
 .debug_aranges
                0x0000000000000c28       0x58 build/obj/shell.o
 .debug_aranges
                0x0000000000000c80       0x20 build/obj/chprintf.o
 .debug_aranges
                0x0000000000000ca0       0x90 build/obj/main.o

.debug_ranges   0x0000000000000000     0x1730
 .debug_ranges  0x0000000000000000       0x20 build/obj/chsys.o
 .debug_ranges  0x0000000000000020       0x28 build/obj/chvt.o
 .debug_ranges  0x0000000000000048      0x170 build/obj/chschd.o
 .debug_ranges  0x00000000000001b8       0xf8 build/obj/chthreads.o
 .debug_ranges  0x00000000000002b0       0x20 build/obj/chdynamic.o
 .debug_ranges  0x00000000000002d0       0x18 build/obj/chregistry.o
 .debug_ranges  0x00000000000002e8      0x198 build/obj/chmtx.o
 .debug_ranges  0x0000000000000480       0x90 build/obj/chevents.o
 .debug_ranges  0x0000000000000510       0xf0 build/obj/chqueues.o
 .debug_ranges  0x0000000000000600       0x28 build/obj/chmemcore.o
 .debug_ranges  0x0000000000000628       0x30 build/obj/chheap.o
 .debug_ranges  0x0000000000000658       0x40 build/obj/hal.o
 .debug_ranges  0x0000000000000698       0x50 build/obj/i2c.o
 .debug_ranges  0x00000000000006e8       0x78 build/obj/serial.o
 .debug_ranges  0x0000000000000760       0x88 build/obj/spi.o
 .debug_ranges  0x00000000000007e8       0x78 build/obj/tm.o
 .debug_ranges  0x0000000000000860       0x50 build/obj/hal_lld.o
 .debug_ranges  0x00000000000008b0       0x60 build/obj/pal_lld.o
 .debug_ranges  0x0000000000000910       0xe8 build/obj/serial_lld.o
 .debug_ranges  0x00000000000009f8       0x78 build/obj/i2c_lld.o
 .debug_ranges  0x0000000000000a70       0x90 build/obj/spi_lld.o
 .debug_ranges  0x0000000000000b00       0x18 build/obj/bcm2835.o
 .debug_ranges  0x0000000000000b18       0x10 build/obj/board.o
 .debug_ranges  0x0000000000000b28      0x4c8 build/obj/vl53l0x_api.o
 .debug_ranges  0x0000000000000ff0      0x198 build/obj/vl53l0x_api_calibration.o
 .debug_ranges  0x0000000000001188      0x3a8 build/obj/vl53l0x_api_core.o
 .debug_ranges  0x0000000000001530       0x88 build/obj/shell.o
 .debug_ranges  0x00000000000015b8       0x98 build/obj/chprintf.o
 .debug_ranges  0x0000000000001650       0xe0 build/obj/main.o

.debug_line     0x0000000000000000     0x7d05
 .debug_line    0x0000000000000000      0x1fb build/obj/chsys.o
 .debug_line    0x00000000000001fb      0x1fc build/obj/chvt.o
 .debug_line    0x00000000000003f7      0x3d6 build/obj/chschd.o
 .debug_line    0x00000000000007cd      0x3fd build/obj/chthreads.o
 .debug_line    0x0000000000000bca      0x251 build/obj/chdynamic.o
 .debug_line    0x0000000000000e1b      0x226 build/obj/chregistry.o
 .debug_line    0x0000000000001041      0x3b5 build/obj/chmtx.o
 .debug_line    0x00000000000013f6      0x363 build/obj/chevents.o
 .debug_line    0x0000000000001759      0x3f4 build/obj/chqueues.o
 .debug_line    0x0000000000001b4d      0x244 build/obj/chmemcore.o
 .debug_line    0x0000000000001d91      0x2db build/obj/chheap.o
 .debug_line    0x000000000000206c      0x341 build/obj/hal.o
 .debug_line    0x00000000000023ad      0x34f build/obj/i2c.o
 .debug_line    0x00000000000026fc      0x3a3 build/obj/serial.o
 .debug_line    0x0000000000002a9f      0x3d2 build/obj/spi.o
 .debug_line    0x0000000000002e71      0x325 build/obj/tm.o
 .debug_line    0x0000000000003196      0x32b build/obj/hal_lld.o
 .debug_line    0x00000000000034c1      0x338 build/obj/pal_lld.o
 .debug_line    0x00000000000037f9      0x3cb build/obj/serial_lld.o
 .debug_line    0x0000000000003bc4      0x3c8 build/obj/i2c_lld.o
 .debug_line    0x0000000000003f8c      0x41b build/obj/spi_lld.o
 .debug_line    0x00000000000043a7      0x12d build/obj/bcm2835.o
 .debug_line    0x00000000000044d4      0x2ab build/obj/board.o
 .debug_line    0x000000000000477f     0x10f6 build/obj/vl53l0x_api.o
 .debug_line    0x0000000000005875      0x83f build/obj/vl53l0x_api_calibration.o
 .debug_line    0x00000000000060b4      0xd9e build/obj/vl53l0x_api_core.o
 .debug_line    0x0000000000006e52      0x496 build/obj/shell.o
 .debug_line    0x00000000000072e8      0x38a build/obj/chprintf.o
 .debug_line    0x0000000000007672      0x693 build/obj/main.o

.debug_str      0x0000000000000000     0x4db3
 .debug_str     0x0000000000000000      0x504 build/obj/chsys.o
                                        0x56e (size before relaxing)
 .debug_str     0x0000000000000504       0x4a build/obj/chvt.o
                                        0x527 (size before relaxing)
 .debug_str     0x000000000000054e      0x110 build/obj/chschd.o
                                        0x60f (size before relaxing)
 .debug_str     0x000000000000065e       0xd8 build/obj/chthreads.o
                                        0x63c (size before relaxing)
 .debug_str     0x0000000000000736       0xa3 build/obj/chdynamic.o
                                        0x5c1 (size before relaxing)
 .debug_str     0x00000000000007d9       0x40 build/obj/chregistry.o
                                        0x51d (size before relaxing)
 .debug_str     0x0000000000000819       0x88 build/obj/chmtx.o
                                        0x5ac (size before relaxing)
 .debug_str     0x00000000000008a1      0x1b7 build/obj/chevents.o
                                        0x6d0 (size before relaxing)
 .debug_str     0x0000000000000a58      0x124 build/obj/chqueues.o
                                        0x637 (size before relaxing)
 .debug_str     0x0000000000000b7c       0x6e build/obj/chmemcore.o
                                        0x54e (size before relaxing)
 .debug_str     0x0000000000000bea       0x46 build/obj/chheap.o
                                        0x5bb (size before relaxing)
 .debug_str     0x0000000000000c30      0x381 build/obj/hal.o
                                        0x957 (size before relaxing)
 .debug_str     0x0000000000000fb1       0xfa build/obj/i2c.o
                                        0x9d9 (size before relaxing)
 .debug_str     0x00000000000010ab       0x9f build/obj/serial.o
                                        0xa08 (size before relaxing)
 .debug_str     0x000000000000114a      0x156 build/obj/spi.o
                                        0xa3b (size before relaxing)
 .debug_str     0x00000000000012a0       0x60 build/obj/tm.o
                                        0x931 (size before relaxing)
 .debug_str     0x0000000000001300       0xfe build/obj/hal_lld.o
                                        0x9d5 (size before relaxing)
 .debug_str     0x00000000000013fe       0xb0 build/obj/pal_lld.o
                                        0x97c (size before relaxing)
 .debug_str     0x00000000000014ae       0x82 build/obj/serial_lld.o
                                        0x9ec (size before relaxing)
 .debug_str     0x0000000000001530       0x3e build/obj/i2c_lld.o
                                        0x9ce (size before relaxing)
 .debug_str     0x000000000000156e       0x4c build/obj/spi_lld.o
                                        0x9d0 (size before relaxing)
 .debug_str     0x00000000000015ba       0x49 build/obj/bcm2835.o
                                        0x20f (size before relaxing)
 .debug_str     0x0000000000001603       0x24 build/obj/board.o
                                        0x8dd (size before relaxing)
 .debug_str     0x0000000000001627     0x21d3 build/obj/vl53l0x_api.o
                                       0x2778 (size before relaxing)
 .debug_str     0x00000000000037fa      0x629 build/obj/vl53l0x_api_calibration.o
                                       0x17d5 (size before relaxing)
 .debug_str     0x0000000000003e23      0xbe9 build/obj/vl53l0x_api_core.o
                                       0x1e07 (size before relaxing)
 .debug_str     0x0000000000004a0c      0x17d build/obj/shell.o
                                        0xe81 (size before relaxing)
 .debug_str     0x0000000000004b89       0xab build/obj/chprintf.o
                                        0x5da (size before relaxing)
 .debug_str     0x0000000000004c34      0x17f build/obj/main.o
                                       0x189e (size before relaxing)

.debug_frame    0x0000000000000000     0x2dc4
 .debug_frame   0x0000000000000000       0x5c build/obj/chsys.o
 .debug_frame   0x000000000000005c       0x50 build/obj/chvt.o
 .debug_frame   0x00000000000000ac      0x124 build/obj/chschd.o
 .debug_frame   0x00000000000001d0      0x174 build/obj/chthreads.o
 .debug_frame   0x0000000000000344       0x58 build/obj/chdynamic.o
 .debug_frame   0x000000000000039c       0x3c build/obj/chregistry.o
 .debug_frame   0x00000000000003d8       0xe4 build/obj/chmtx.o
 .debug_frame   0x00000000000004bc      0x1d8 build/obj/chevents.o
 .debug_frame   0x0000000000000694      0x168 build/obj/chqueues.o
 .debug_frame   0x00000000000007fc       0x50 build/obj/chmemcore.o
 .debug_frame   0x000000000000084c       0xac build/obj/chheap.o
 .debug_frame   0x00000000000008f8       0x50 build/obj/hal.o
 .debug_frame   0x0000000000000948       0xe4 build/obj/i2c.o
 .debug_frame   0x0000000000000a2c      0x14c build/obj/serial.o
 .debug_frame   0x0000000000000b78      0x1a0 build/obj/spi.o
 .debug_frame   0x0000000000000d18       0x60 build/obj/tm.o
 .debug_frame   0x0000000000000d78       0x78 build/obj/hal_lld.o
 .debug_frame   0x0000000000000df0       0xc8 build/obj/pal_lld.o
 .debug_frame   0x0000000000000eb8       0xe4 build/obj/serial_lld.o
 .debug_frame   0x0000000000000f9c      0x10c build/obj/i2c_lld.o
 .debug_frame   0x00000000000010a8      0x10c build/obj/spi_lld.o
 .debug_frame   0x00000000000011b4       0x44 build/obj/bcm2835.o
 .debug_frame   0x00000000000011f8       0x20 build/obj/board.o
 .debug_frame   0x0000000000001218      0xad0 build/obj/vl53l0x_api.o
 .debug_frame   0x0000000000001ce8      0x3c8 build/obj/vl53l0x_api_calibration.o
 .debug_frame   0x00000000000020b0      0x440 build/obj/vl53l0x_api_core.o
 .debug_frame   0x00000000000024f0      0x11c build/obj/shell.o
 .debug_frame   0x000000000000260c       0x74 build/obj/chprintf.o
 .debug_frame   0x0000000000002680      0x2d0 build/obj/main.o
 .debug_frame   0x0000000000002950       0x20 /usr/local/Cellar/gcc-arm-none-eabi/20180627/bin/../lib/gcc/arm-none-eabi/7.3.1/libgcc.a(_udivsi3.o)
 .debug_frame   0x0000000000002970       0xac /usr/local/Cellar/gcc-arm-none-eabi/20180627/bin/../lib/gcc/arm-none-eabi/7.3.1/libgcc.a(_arm_addsubdf3.o)
 .debug_frame   0x0000000000002a1c       0x50 /usr/local/Cellar/gcc-arm-none-eabi/20180627/bin/../lib/gcc/arm-none-eabi/7.3.1/libgcc.a(_arm_muldivdf3.o)
 .debug_frame   0x0000000000002a6c       0x24 /usr/local/Cellar/gcc-arm-none-eabi/20180627/bin/../lib/gcc/arm-none-eabi/7.3.1/libgcc.a(_arm_fixdfsi.o)
 .debug_frame   0x0000000000002a90       0x24 /usr/local/Cellar/gcc-arm-none-eabi/20180627/bin/../lib/gcc/arm-none-eabi/7.3.1/libgcc.a(_arm_truncdfsf2.o)
 .debug_frame   0x0000000000002ab4       0xc8 /usr/local/Cellar/gcc-arm-none-eabi/20180627/bin/../lib/gcc/arm-none-eabi/7.3.1/libgcc.a(_arm_cmpsf2.o)
 .debug_frame   0x0000000000002b7c       0x24 /usr/local/Cellar/gcc-arm-none-eabi/20180627/bin/../lib/gcc/arm-none-eabi/7.3.1/libgcc.a(_arm_fixsfsi.o)
 .debug_frame   0x0000000000002ba0       0x34 /usr/local/Cellar/gcc-arm-none-eabi/20180627/bin/../lib/gcc/arm-none-eabi/7.3.1/../../../../arm-none-eabi/lib/libc.a(lib_a-memcpy-stub.o)
 .debug_frame   0x0000000000002bd4       0x30 /usr/local/Cellar/gcc-arm-none-eabi/20180627/bin/../lib/gcc/arm-none-eabi/7.3.1/../../../../arm-none-eabi/lib/libc.a(lib_a-memset.o)
 .debug_frame   0x0000000000002c04       0x44 /usr/local/Cellar/gcc-arm-none-eabi/20180627/bin/../lib/gcc/arm-none-eabi/7.3.1/../../../../arm-none-eabi/lib/libc.a(lib_a-strcasecmp.o)
 .debug_frame   0x0000000000002c48       0x34 /usr/local/Cellar/gcc-arm-none-eabi/20180627/bin/../lib/gcc/arm-none-eabi/7.3.1/../../../../arm-none-eabi/lib/libc.a(lib_a-strchr.o)
 .debug_frame   0x0000000000002c7c       0x20 /usr/local/Cellar/gcc-arm-none-eabi/20180627/bin/../lib/gcc/arm-none-eabi/7.3.1/../../../../arm-none-eabi/lib/libc.a(lib_a-strcpy.o)
 .debug_frame   0x0000000000002c9c       0x34 /usr/local/Cellar/gcc-arm-none-eabi/20180627/bin/../lib/gcc/arm-none-eabi/7.3.1/../../../../arm-none-eabi/lib/libc.a(lib_a-strspn.o)
 .debug_frame   0x0000000000002cd0       0x70 /usr/local/Cellar/gcc-arm-none-eabi/20180627/bin/../lib/gcc/arm-none-eabi/7.3.1/../../../../arm-none-eabi/lib/libc.a(lib_a-locale.o)
 .debug_frame   0x0000000000002d40       0x48 /usr/local/Cellar/gcc-arm-none-eabi/20180627/bin/../lib/gcc/arm-none-eabi/7.3.1/../../../../arm-none-eabi/lib/libc.a(lib_a-mbtowc_r.o)
 .debug_frame   0x0000000000002d88       0x3c /usr/local/Cellar/gcc-arm-none-eabi/20180627/bin/../lib/gcc/arm-none-eabi/7.3.1/../../../../arm-none-eabi/lib/libc.a(lib_a-wctomb_r.o)

Cross Reference Table

Symbol                                            File
AbortHandler                                      build/obj/vectors.o
DefaultTuningSettings                             build/obj/vl53l0x_api.o
FiqHandler                                        build/obj/vectors.o
I2C0                                              build/obj/i2c_lld.o
                                                  build/obj/hal_lld.o
I2C1                                              build/obj/i2c_lld.o
                                                  build/obj/main.o
                                                  build/obj/hal_lld.o
IOPORT0                                           build/obj/pal_lld.o
                                                  build/obj/main.o
IOPORT1                                           build/obj/pal_lld.o
InterruptThresholdSettings                        build/obj/vl53l0x_api.o
IrqHandler                                        build/obj/hal_lld.o
                                                  build/obj/vectors.o
PrefetchHandler                                   build/obj/vectors.o
ResetHandler                                      build/obj/crt0.o
                                                  build/obj/vectors.o
SD1                                               build/obj/serial_lld.o
                                                  build/obj/main.o
                                                  build/obj/hal_lld.o
SPI0                                              build/obj/spi_lld.o
                                                  build/obj/hal_lld.o
SwiHandler                                        build/obj/vectors.o
TestThread                                        build/obj/test.o
UndHandler                                        build/obj/vectors.o
VL53L0X_CheckAndLoadInterruptSettings             build/obj/vl53l0x_api.o
VL53L0X_ClearInterruptMask                        build/obj/vl53l0x_api.o
                                                  build/obj/vl53l0x_api_calibration.o
VL53L0X_DataInit                                  build/obj/vl53l0x_api.o
                                                  build/obj/main.o
VL53L0X_EnableInterruptMask                       build/obj/vl53l0x_api.o
VL53L0X_GetDeviceErrorStatus                      build/obj/vl53l0x_api.o
VL53L0X_GetDeviceErrorString                      build/obj/vl53l0x_api.o
VL53L0X_GetDeviceInfo                             build/obj/vl53l0x_api.o
VL53L0X_GetDeviceMode                             build/obj/vl53l0x_api.o
VL53L0X_GetDeviceParameters                       build/obj/vl53l0x_api.o
VL53L0X_GetDmaxCalParameters                      build/obj/vl53l0x_api.o
VL53L0X_GetFractionEnable                         build/obj/vl53l0x_api.o
VL53L0X_GetGpioConfig                             build/obj/vl53l0x_api.o
VL53L0X_GetHistogramMeasurementData               build/obj/vl53l0x_api.o
VL53L0X_GetHistogramMode                          build/obj/vl53l0x_api.o
VL53L0X_GetInterMeasurementPeriodMilliSeconds     build/obj/vl53l0x_api.o
VL53L0X_GetInterruptMaskStatus                    build/obj/vl53l0x_api.o
VL53L0X_GetInterruptThresholds                    build/obj/vl53l0x_api.o
VL53L0X_GetLimitCheckCurrent                      build/obj/vl53l0x_api.o
VL53L0X_GetLimitCheckEnable                       build/obj/vl53l0x_api.o
                                                  build/obj/vl53l0x_api_core.o
VL53L0X_GetLimitCheckInfo                         build/obj/vl53l0x_api.o
VL53L0X_GetLimitCheckStatus                       build/obj/vl53l0x_api.o
VL53L0X_GetLimitCheckValue                        build/obj/vl53l0x_api.o
                                                  build/obj/vl53l0x_api_core.o
VL53L0X_GetLinearityCorrectiveGain                build/obj/vl53l0x_api.o
VL53L0X_GetMaxNumberOfROIZones                    build/obj/vl53l0x_api.o
VL53L0X_GetMeasurementDataReady                   build/obj/vl53l0x_api.o
                                                  build/obj/vl53l0x_api_core.o
VL53L0X_GetMeasurementRefSignal                   build/obj/vl53l0x_api.o
VL53L0X_GetMeasurementTimingBudgetMicroSeconds    build/obj/vl53l0x_api.o
VL53L0X_GetNumberOfLimitCheck                     build/obj/vl53l0x_api.o
VL53L0X_GetNumberOfROIZones                       build/obj/vl53l0x_api.o
VL53L0X_GetNumberOfSequenceSteps                  build/obj/vl53l0x_api.o
VL53L0X_GetOffsetCalibrationDataMicroMeter        build/obj/vl53l0x_api.o
                                                  build/obj/vl53l0x_api_calibration.o
VL53L0X_GetPalErrorString                         build/obj/vl53l0x_api.o
VL53L0X_GetPalSpecVersion                         build/obj/vl53l0x_api.o
VL53L0X_GetPalState                               build/obj/vl53l0x_api.o
VL53L0X_GetPalStateString                         build/obj/vl53l0x_api.o
VL53L0X_GetPowerMode                              build/obj/vl53l0x_api.o
VL53L0X_GetProductRevision                        build/obj/vl53l0x_api.o
VL53L0X_GetRangeStatusString                      build/obj/vl53l0x_api.o
VL53L0X_GetRangingMeasurementData                 build/obj/vl53l0x_api.o
VL53L0X_GetRefCalibration                         build/obj/vl53l0x_api.o
VL53L0X_GetReferenceSpads                         build/obj/vl53l0x_api.o
VL53L0X_GetSequenceStepEnable                     build/obj/vl53l0x_api.o
                                                  build/obj/vl53l0x_api_calibration.o
VL53L0X_GetSequenceStepEnables                    build/obj/vl53l0x_api.o
                                                  build/obj/vl53l0x_api_core.o
VL53L0X_GetSequenceStepTimeout                    build/obj/vl53l0x_api.o
VL53L0X_GetSequenceStepsInfo                      build/obj/vl53l0x_api.o
VL53L0X_GetSpadAmbientDamperFactor                build/obj/vl53l0x_api.o
VL53L0X_GetSpadAmbientDamperThreshold             build/obj/vl53l0x_api.o
VL53L0X_GetStopCompletedStatus                    build/obj/vl53l0x_api.o
VL53L0X_GetTotalSignalRate                        build/obj/vl53l0x_api.o
VL53L0X_GetTuningSettingBuffer                    build/obj/vl53l0x_api.o
VL53L0X_GetUpperLimitMilliMeter                   build/obj/vl53l0x_api.o
VL53L0X_GetVcselPulsePeriod                       build/obj/vl53l0x_api.o
                                                  build/obj/vl53l0x_api_core.o
VL53L0X_GetVersion                                build/obj/vl53l0x_api.o
VL53L0X_GetWrapAroundCheckEnable                  build/obj/vl53l0x_api.o
VL53L0X_GetXTalkCompensationEnable                build/obj/vl53l0x_api.o
                                                  build/obj/vl53l0x_api_core.o
VL53L0X_GetXTalkCompensationRateMegaCps           build/obj/vl53l0x_api.o
VL53L0X_PerformOffsetCalibration                  build/obj/vl53l0x_api.o
VL53L0X_PerformRefCalibration                     build/obj/vl53l0x_api.o
                                                  build/obj/main.o
VL53L0X_PerformRefSpadManagement                  build/obj/vl53l0x_api.o
                                                  build/obj/main.o
VL53L0X_PerformSingleHistogramMeasurement         build/obj/vl53l0x_api.o
VL53L0X_PerformSingleMeasurement                  build/obj/vl53l0x_api.o
VL53L0X_PerformSingleRangingMeasurement           build/obj/vl53l0x_api.o
                                                  build/obj/vl53l0x_api_calibration.o
VL53L0X_PerformXTalkCalibration                   build/obj/vl53l0x_api.o
VL53L0X_PerformXTalkMeasurement                   build/obj/vl53l0x_api.o
VL53L0X_PollingDelay                              build/obj/main.o
                                                  build/obj/vl53l0x_api_core.o
                                                  build/obj/vl53l0x_api.o
VL53L0X_RdByte                                    build/obj/main.o
                                                  build/obj/vl53l0x_api_strings.o
                                                  build/obj/vl53l0x_api_core.o
                                                  build/obj/vl53l0x_api_calibration.o
                                                  build/obj/vl53l0x_api.o
VL53L0X_RdDWord                                   build/obj/main.o
                                                  build/obj/vl53l0x_api_core.o
                                                  build/obj/vl53l0x_api.o
VL53L0X_RdWord                                    build/obj/main.o
                                                  build/obj/vl53l0x_api_core.o
                                                  build/obj/vl53l0x_api_calibration.o
                                                  build/obj/vl53l0x_api.o
VL53L0X_ReadMulti                                 build/obj/main.o
                                                  build/obj/vl53l0x_api_calibration.o
                                                  build/obj/vl53l0x_api.o
VL53L0X_ResetDevice                               build/obj/vl53l0x_api.o
VL53L0X_SetDeviceAddress                          build/obj/vl53l0x_api.o
VL53L0X_SetDeviceMode                             build/obj/vl53l0x_api.o
                                                  build/obj/main.o
VL53L0X_SetDeviceParameters                       build/obj/vl53l0x_api.o
VL53L0X_SetDmaxCalParameters                      build/obj/vl53l0x_api.o
VL53L0X_SetGpioConfig                             build/obj/vl53l0x_api.o
VL53L0X_SetGroupParamHold                         build/obj/vl53l0x_api.o
VL53L0X_SetHistogramMode                          build/obj/vl53l0x_api.o
VL53L0X_SetInterMeasurementPeriodMilliSeconds     build/obj/vl53l0x_api.o
VL53L0X_SetInterruptThresholds                    build/obj/vl53l0x_api.o
VL53L0X_SetLimitCheckEnable                       build/obj/vl53l0x_api.o
                                                  build/obj/main.o
                                                  build/obj/vl53l0x_api_calibration.o
VL53L0X_SetLimitCheckValue                        build/obj/vl53l0x_api.o
                                                  build/obj/main.o
VL53L0X_SetLinearityCorrectiveGain                build/obj/vl53l0x_api.o
VL53L0X_SetMeasurementTimingBudgetMicroSeconds    build/obj/vl53l0x_api.o
                                                  build/obj/main.o
                                                  build/obj/vl53l0x_api_core.o
VL53L0X_SetNumberOfROIZones                       build/obj/vl53l0x_api.o
VL53L0X_SetOffsetCalibrationDataMicroMeter        build/obj/vl53l0x_api.o
                                                  build/obj/vl53l0x_api_calibration.o
VL53L0X_SetPowerMode                              build/obj/vl53l0x_api.o
VL53L0X_SetRangeFractionEnable                    build/obj/vl53l0x_api.o
VL53L0X_SetRefCalibration                         build/obj/vl53l0x_api.o
VL53L0X_SetReferenceSpads                         build/obj/vl53l0x_api.o
VL53L0X_SetSequenceStepEnable                     build/obj/vl53l0x_api.o
                                                  build/obj/vl53l0x_api_calibration.o
VL53L0X_SetSequenceStepTimeout                    build/obj/vl53l0x_api.o
VL53L0X_SetSpadAmbientDamperFactor                build/obj/vl53l0x_api.o
VL53L0X_SetSpadAmbientDamperThreshold             build/obj/vl53l0x_api.o
VL53L0X_SetTuningSettingBuffer                    build/obj/vl53l0x_api.o
VL53L0X_SetVcselPulsePeriod                       build/obj/vl53l0x_api.o
VL53L0X_SetWrapAroundCheckEnable                  build/obj/vl53l0x_api.o
VL53L0X_SetXTalkCompensationEnable                build/obj/vl53l0x_api.o
                                                  build/obj/vl53l0x_api_calibration.o
VL53L0X_SetXTalkCompensationRateMegaCps           build/obj/vl53l0x_api.o
                                                  build/obj/vl53l0x_api_calibration.o
VL53L0X_StartMeasurement                          build/obj/vl53l0x_api.o
                                                  build/obj/main.o
VL53L0X_StaticInit                                build/obj/vl53l0x_api.o
                                                  build/obj/main.o
VL53L0X_StopMeasurement                           build/obj/vl53l0x_api.o
VL53L0X_UpdateByte                                build/obj/main.o
                                                  build/obj/vl53l0x_api_calibration.o
                                                  build/obj/vl53l0x_api.o
VL53L0X_WaitDeviceBooted                          build/obj/vl53l0x_api.o
VL53L0X_WaitDeviceReadyForNewMeasurement          build/obj/vl53l0x_api.o
VL53L0X_WrByte                                    build/obj/main.o
                                                  build/obj/vl53l0x_api_core.o
                                                  build/obj/vl53l0x_api_calibration.o
                                                  build/obj/vl53l0x_api.o
VL53L0X_WrDWord                                   build/obj/main.o
                                                  build/obj/vl53l0x_api.o
VL53L0X_WrWord                                    build/obj/main.o
                                                  build/obj/vl53l0x_api_core.o
                                                  build/obj/vl53l0x_api_calibration.o
                                                  build/obj/vl53l0x_api.o
VL53L0X_WriteMulti                                build/obj/main.o
                                                  build/obj/vl53l0x_api_core.o
                                                  build/obj/vl53l0x_api_calibration.o
VL53L0X_apply_offset_adjustment                   build/obj/vl53l0x_api_calibration.o
VL53L0X_calc_dmax                                 build/obj/vl53l0x_api_core.o